MPLINK 5.00, LINKER
Linker Map File - Created Sun Oct 29 23:37:26 2017

                                 Section Info
                  Section       Type    Address   Location Size(Bytes)
                ---------  ---------  ---------  ---------  ---------
               _entry_scn       code   0x000000    program   0x000006
               highVector       code   0x000008    program   0x00000c
                lowVector       code   0x000018    program   0x000006
                   .cinit    romdata   0x00002a    program   0x00000e
          .code_ucos_ii.o       code   0x000038    program   0x00234c
         .code_OS_CPU_C.o       code   0x002384    program   0x00054a
             .code_TEST.o       code   0x0028ce    program   0x0002e2
                   STDLIB       code   0x002bb0    program   0x00027c
       .romdata_ucos_ii.o    romdata   0x002e2c    program   0x000108
         .code_openxlcd.o       code   0x002f34    program   0x0000ec
               _cinit_scn       code   0x003020    program   0x00009e
         .code_putrxlcd.o       code   0x0030be    program   0x000076
          .code_fxm3232.o       code   0x003134    program   0x000070
         .code_setddram.o       code   0x0031a4    program   0x00005e
         .code_setcgram.o       code   0x003202    program   0x00005e
         .code_writdata.o       code   0x003260    program   0x00005c
         .code_wcmdxlcd.o       code   0x0032bc    program   0x00005c
         .code_putsxlcd.o       code   0x003318    program   0x00005a
         .code_readdata.o       code   0x003372    program   0x000052
         .code_readaddr.o       code   0x0033c4    program   0x000052
                   STRING       code   0x003416    program   0x000050
         .code_fxd3232u.o       code   0x003466    program   0x000048
         .code_busyxlcd.o       code   0x0034ae    program   0x00003e
          .code_t0write.o       code   0x0034ec    program   0x000038
           .code_t0open.o       code   0x003524    program   0x000038
             D10KTCYXCODE       code   0x00355c    program   0x00002e
              D1KTCYXCODE       code   0x00358a    program   0x000020
                    .code       code   0x0035aa    program   0x000020
             _startup_scn       code   0x0035ca    program   0x00001c
          .code_vectors.o       code   0x0035e6    program   0x00001a
              D10TCYXCODE       code   0x003600    program   0x000016
           .code___init.o       code   0x003616    program   0x000002
        .romdata_os_tmr.o    romdata   0x003618    program   0x000000
        .idata_os_tmr.o_i    romdata   0x003618    program   0x000000
       .romdata_vectors.o    romdata   0x003618    program   0x000000
       .idata_vectors.o_i    romdata   0x003618    program   0x000000
         .idata_c018i.o_i    romdata   0x003618    program   0x000000
      .idata_fxd3232u.o_i    romdata   0x003618    program   0x000000
      .romdata_fxd3232u.o    romdata   0x003618    program   0x000000
       .idata_fxm3232.o_i    romdata   0x003618    program   0x000000
        .romdata___init.o    romdata   0x003618    program   0x000000
       .romdata_fxm3232.o    romdata   0x003618    program   0x000000
        .idata___init.o_i    romdata   0x003618    program   0x000000
        .idata_t0open.o_i    romdata   0x003618    program   0x000000
        .romdata_t0open.o    romdata   0x003618    program   0x000000
       .idata_t0write.o_i    romdata   0x003618    program   0x000000
       .romdata_t0write.o    romdata   0x003618    program   0x000000
      .idata_busyxlcd.o_i    romdata   0x003618    program   0x000000
      .romdata_busyxlcd.o    romdata   0x003618    program   0x000000
      .idata_openxlcd.o_i    romdata   0x003618    program   0x000000
      .romdata_openxlcd.o    romdata   0x003618    program   0x000000
      .idata_putrxlcd.o_i    romdata   0x003618    program   0x000000
      .romdata_putrxlcd.o    romdata   0x003618    program   0x000000
      .idata_putsxlcd.o_i    romdata   0x003618    program   0x000000
      .romdata_putsxlcd.o    romdata   0x003618    program   0x000000
      .idata_readaddr.o_i    romdata   0x003618    program   0x000000
      .romdata_readaddr.o    romdata   0x003618    program   0x000000
      .idata_readdata.o_i    romdata   0x003618    program   0x000000
      .romdata_readdata.o    romdata   0x003618    program   0x000000
      .idata_setcgram.o_i    romdata   0x003618    program   0x000000
      .romdata_setcgram.o    romdata   0x003618    program   0x000000
      .idata_setddram.o_i    romdata   0x003618    program   0x000000
      .romdata_setddram.o    romdata   0x003618    program   0x000000
      .idata_wcmdxlcd.o_i    romdata   0x003618    program   0x000000
      .romdata_wcmdxlcd.o    romdata   0x003618    program   0x000000
      .idata_writdata.o_i    romdata   0x003618    program   0x000000
      .romdata_writdata.o    romdata   0x003618    program   0x000000
      .romdata_OS_CPU_C.o    romdata   0x003618    program   0x000000
          .idata_TEST.o_i    romdata   0x003618    program   0x000011
          .romdata_TEST.o    romdata   0x003618    program   0x000000
             .stringtable    romdata   0x003618    program   0x000000
       .idata_ucos_ii.o_i    romdata   0x003618    program   0x000000
         .romdata_c018i.o    romdata   0x003618    program   0x000000
      .idata_OS_CPU_C.o_i    romdata   0x003629    program   0x000000
           .code_os_tmr.o       code   0x00362a    program   0x000000
            .code_c018i.o       code   0x00362a    program   0x000000
                 .tmpdata      udata   0x000000       data   0x000014
                MATH_DATA      udata   0x000014       data   0x000010
                DELAYDAT2      udata   0x000024       data   0x000001
                DELAYDAT1      udata   0x000025       data   0x000001
                   .stack      udata   0x000080       data   0x000030
         .udata_ucos_ii.o      udata   0x0000b0       data   0x000163
            .udata_TEST.o      udata   0x000213       data   0x00012c
            .idata_TEST.o      idata   0x00033f       data   0x000011
           .udata_c018i.o      udata   0x000350       data   0x00000a
        .udata_openxlcd.o      udata   0x00035a       data   0x000000
         .idata_ucos_ii.o      idata   0x00035a       data   0x000000
         .udata_vectors.o      udata   0x00035a       data   0x000000
         .idata_vectors.o      idata   0x00035a       data   0x000000
          .udata_os_tmr.o      udata   0x00035a       data   0x000000
          .idata_os_tmr.o      idata   0x00035a       data   0x000000
        .udata_busyxlcd.o      udata   0x00035a       data   0x000000
           .idata_c018i.o      idata   0x00035a       data   0x000000
        .udata_fxd3232u.o      udata   0x00035a       data   0x000000
        .idata_fxd3232u.o      idata   0x00035a       data   0x000000
         .udata_fxm3232.o      udata   0x00035a       data   0x000000
         .idata_fxm3232.o      idata   0x00035a       data   0x000000
          .udata_t0open.o      udata   0x00035a       data   0x000000
          .idata_t0open.o      idata   0x00035a       data   0x000000
         .udata_t0write.o      udata   0x00035a       data   0x000000
         .idata_t0write.o      idata   0x00035a       data   0x000000
          .udata___init.o      udata   0x00035a       data   0x000000
          .idata___init.o      idata   0x00035a       data   0x000000
        .idata_busyxlcd.o      idata   0x00035a       data   0x000000
        .idata_putrxlcd.o      idata   0x00035a       data   0x000000
        .udata_putsxlcd.o      udata   0x00035a       data   0x000000
        .idata_putsxlcd.o      idata   0x00035a       data   0x000000
        .udata_readaddr.o      udata   0x00035a       data   0x000000
        .idata_readaddr.o      idata   0x00035a       data   0x000000
        .udata_readdata.o      udata   0x00035a       data   0x000000
        .idata_readdata.o      idata   0x00035a       data   0x000000
        .udata_setcgram.o      udata   0x00035a       data   0x000000
        .idata_setcgram.o      idata   0x00035a       data   0x000000
        .udata_setddram.o      udata   0x00035a       data   0x000000
        .idata_setddram.o      idata   0x00035a       data   0x000000
        .udata_wcmdxlcd.o      udata   0x00035a       data   0x000000
        .idata_wcmdxlcd.o      idata   0x00035a       data   0x000000
        .udata_writdata.o      udata   0x00035a       data   0x000000
        .idata_writdata.o      idata   0x00035a       data   0x000000
        .udata_OS_CPU_C.o      udata   0x00035a       data   0x000000
        .idata_OS_CPU_C.o      idata   0x00035a       data   0x000000
        .udata_putrxlcd.o      udata   0x00035a       data   0x000000
        .idata_openxlcd.o      idata   0x00035a       data   0x000000
            SFR_UNBANKED0      udata   0x000f80       data   0x000080



                              Program Memory Usage 
                               Start         End      
                           ---------   ---------      
                            0x000000    0x000005      
                            0x000008    0x000013      
                            0x000018    0x00001d      
                            0x00002a    0x003628      
            13847 out of 33048 program addresses used, program memory utilization is 41%



                              Symbols - Sorted by Name
                     Name    Address   Location    Storage File                     
                ---------  ---------  ---------  --------- ---------                
                 BusyXLCD   0x0034ae    program     extern C:\Users\qmari\OneDrive\Source Code\Assembly\ECNG3006\L02_815117414\q1lab2.X\xlcdfiles\busyxlcd.c
     CPUhighInterruptHook   0x0035fa    program     extern C:\Users\qmari\OneDrive\Source Code\Assembly\ECNG3006\L02_815117414\q1lab2.X\uCSource\vectors.c
            CPUhighVector   0x000008    program     extern C:\Users\qmari\OneDrive\Source Code\Assembly\ECNG3006\L02_815117414\q1lab2.X\uCSource\OS_CPU_C.c
          CPUlowInterrupt   0x002774    program     extern C:\Users\qmari\OneDrive\Source Code\Assembly\ECNG3006\L02_815117414\q1lab2.X\uCSource\OS_CPU_C.c
      CPUlowInterruptHook   0x0035e6    program     extern C:\Users\qmari\OneDrive\Source Code\Assembly\ECNG3006\L02_815117414\q1lab2.X\uCSource\vectors.c
             CPUlowVector   0x000018    program     extern C:\Users\qmari\OneDrive\Source Code\Assembly\ECNG3006\L02_815117414\q1lab2.X\uCSource\OS_CPU_C.c
                   D10K_1   0x003568    program     static E:\3.46\pic18-lt\cxx-framework\src\traditional\delays\d10ktcyx.asm
                    D10Kl   0x003574    program     static E:\3.46\pic18-lt\cxx-framework\src\traditional\delays\d10ktcyx.asm
                    D10Kx   0x003566    program     static E:\3.46\pic18-lt\cxx-framework\src\traditional\delays\d10ktcyx.asm
                    D10_1   0x003610    program     static E:\3.46\pic18-lt\cxx-framework\src\traditional\delays\d10tcyx.asm
                     D10x   0x003608    program     static E:\3.46\pic18-lt\cxx-framework\src\traditional\delays\d10tcyx.asm
                    D1K_1   0x003596    program     static E:\3.46\pic18-lt\cxx-framework\src\traditional\delays\d1ktcyx.asm
                     D1Kx   0x003594    program     static E:\3.46\pic18-lt\cxx-framework\src\traditional\delays\d1ktcyx.asm
             Delay10KTCYx   0x00355c    program     extern E:\3.46\pic18-lt\cxx-framework\src\traditional\delays\d10ktcyx.asm
              Delay10TCYx   0x003600    program     extern E:\3.46\pic18-lt\cxx-framework\src\traditional\delays\d10tcyx.asm
              Delay1KTCYx   0x00358a    program     extern E:\3.46\pic18-lt\cxx-framework\src\traditional\delays\d1ktcyx.asm
            DelayFor18TCY   0x0028ce    program     extern C:\Users\qmari\OneDrive\Source Code\Assembly\ECNG3006\L02_815117414\q1lab2.X\uCSource\TEST.c
             DelayPORXLCD   0x0028da    program     extern C:\Users\qmari\OneDrive\Source Code\Assembly\ECNG3006\L02_815117414\q1lab2.X\uCSource\TEST.c
                DelayXLCD   0x0028e6    program     extern C:\Users\qmari\OneDrive\Source Code\Assembly\ECNG3006\L02_815117414\q1lab2.X\uCSource\TEST.c
                 FXD3232U   0x003466    program     extern E:\3.46\pic18-lt\cxx-framework\src\traditional\math\fxd3232u.c
                  FXM3232   0x003134    program     extern E:\3.46\pic18-lt\cxx-framework\src\traditional\math\fxm3232.c
                  LCDTask   0x0028f2    program     extern C:\Users\qmari\OneDrive\Source Code\Assembly\ECNG3006\L02_815117414\q1lab2.X\uCSource\TEST.c
                  OSCtxSw   0x00267e    program     extern C:\Users\qmari\OneDrive\Source Code\Assembly\ECNG3006\L02_815117414\q1lab2.X\uCSource\OS_CPU_C.c
                   OSInit   0x000038    program     extern C:\Users\qmari\OneDrive\Source Code\Assembly\ECNG3006\L02_815117414\q1lab2.X\uCSource\os_core.c
          OSInitHookBegin   0x0025f6    program     extern C:\Users\qmari\OneDrive\Source Code\Assembly\ECNG3006\L02_815117414\q1lab2.X\uCSource\OS_CPU_C.c
            OSInitHookEnd   0x0025f8    program     extern C:\Users\qmari\OneDrive\Source Code\Assembly\ECNG3006\L02_815117414\q1lab2.X\uCSource\OS_CPU_C.c
               OSIntCtxSw   0x002806    program     extern C:\Users\qmari\OneDrive\Source Code\Assembly\ECNG3006\L02_815117414\q1lab2.X\uCSource\OS_CPU_C.c
               OSIntEnter   0x00004e    program     extern C:\Users\qmari\OneDrive\Source Code\Assembly\ECNG3006\L02_815117414\q1lab2.X\uCSource\os_core.c
                OSIntExit   0x000072    program     extern C:\Users\qmari\OneDrive\Source Code\Assembly\ECNG3006\L02_815117414\q1lab2.X\uCSource\os_core.c
                 OSMapTbl   0x002e2c    program     extern C:\Users\qmari\OneDrive\Source Code\Assembly\ECNG3006\L02_815117414\q1lab2.X\uCSource\os_core.c
              OSSchedLock   0x00017e    program     extern C:\Users\qmari\OneDrive\Source Code\Assembly\ECNG3006\L02_815117414\q1lab2.X\uCSource\os_core.c
            OSSchedUnlock   0x0001d2    program     extern C:\Users\qmari\OneDrive\Source Code\Assembly\ECNG3006\L02_815117414\q1lab2.X\uCSource\os_core.c
                  OSStart   0x000230    program     extern C:\Users\qmari\OneDrive\Source Code\Assembly\ECNG3006\L02_815117414\q1lab2.X\uCSource\os_core.c
           OSStartHighRdy   0x0025fa    program     extern C:\Users\qmari\OneDrive\Source Code\Assembly\ECNG3006\L02_815117414\q1lab2.X\uCSource\OS_CPU_C.c
               OSStatInit   0x000312    program     extern C:\Users\qmari\OneDrive\Source Code\Assembly\ECNG3006\L02_815117414\q1lab2.X\uCSource\os_core.c
            OSTCBInitHook   0x0025d8    program     extern C:\Users\qmari\OneDrive\Source Code\Assembly\ECNG3006\L02_815117414\q1lab2.X\uCSource\OS_CPU_C.c
         OSTaskChangePrio   0x000e82    program     extern C:\Users\qmari\OneDrive\Source Code\Assembly\ECNG3006\L02_815117414\q1lab2.X\uCSource\os_task.c
             OSTaskCreate   0x0011c0    program     extern C:\Users\qmari\OneDrive\Source Code\Assembly\ECNG3006\L02_815117414\q1lab2.X\uCSource\os_task.c
          OSTaskCreateExt   0x001344    program     extern C:\Users\qmari\OneDrive\Source Code\Assembly\ECNG3006\L02_815117414\q1lab2.X\uCSource\os_task.c
         OSTaskCreateHook   0x002598    program     extern C:\Users\qmari\OneDrive\Source Code\Assembly\ECNG3006\L02_815117414\q1lab2.X\uCSource\OS_CPU_C.c
                OSTaskDel   0x00153a    program     extern C:\Users\qmari\OneDrive\Source Code\Assembly\ECNG3006\L02_815117414\q1lab2.X\uCSource\os_task.c
            OSTaskDelHook   0x0025b4    program     extern C:\Users\qmari\OneDrive\Source Code\Assembly\ECNG3006\L02_815117414\q1lab2.X\uCSource\OS_CPU_C.c
             OSTaskDelReq   0x00181e    program     extern C:\Users\qmari\OneDrive\Source Code\Assembly\ECNG3006\L02_815117414\q1lab2.X\uCSource\os_task.c
           OSTaskIdleHook   0x0025f4    program     extern C:\Users\qmari\OneDrive\Source Code\Assembly\ECNG3006\L02_815117414\q1lab2.X\uCSource\OS_CPU_C.c
             OSTaskResume   0x001922    program     extern C:\Users\qmari\OneDrive\Source Code\Assembly\ECNG3006\L02_815117414\q1lab2.X\uCSource\os_task.c
           OSTaskStatHook   0x0025d4    program     extern C:\Users\qmari\OneDrive\Source Code\Assembly\ECNG3006\L02_815117414\q1lab2.X\uCSource\OS_CPU_C.c
             OSTaskStkChk   0x001a64    program     extern C:\Users\qmari\OneDrive\Source Code\Assembly\ECNG3006\L02_815117414\q1lab2.X\uCSource\os_task.c
            OSTaskStkInit   0x002384    program     extern C:\Users\qmari\OneDrive\Source Code\Assembly\ECNG3006\L02_815117414\q1lab2.X\uCSource\OS_CPU_C.c
            OSTaskSuspend   0x001c84    program     extern C:\Users\qmari\OneDrive\Source Code\Assembly\ECNG3006\L02_815117414\q1lab2.X\uCSource\os_task.c
             OSTaskSwHook   0x0025d0    program     extern C:\Users\qmari\OneDrive\Source Code\Assembly\ECNG3006\L02_815117414\q1lab2.X\uCSource\OS_CPU_C.c
                OSTimeDly   0x001df0    program     extern C:\Users\qmari\OneDrive\Source Code\Assembly\ECNG3006\L02_815117414\q1lab2.X\uCSource\os_time.c
            OSTimeDlyHMSM   0x001e9a    program     extern C:\Users\qmari\OneDrive\Source Code\Assembly\ECNG3006\L02_815117414\q1lab2.X\uCSource\os_time.c
          OSTimeDlyResume   0x002176    program     extern C:\Users\qmari\OneDrive\Source Code\Assembly\ECNG3006\L02_815117414\q1lab2.X\uCSource\os_time.c
                OSTimeGet   0x0022b4    program     extern C:\Users\qmari\OneDrive\Source Code\Assembly\ECNG3006\L02_815117414\q1lab2.X\uCSource\os_time.c
                OSTimeSet   0x00233a    program     extern C:\Users\qmari\OneDrive\Source Code\Assembly\ECNG3006\L02_815117414\q1lab2.X\uCSource\os_time.c
               OSTimeTick   0x000392    program     extern C:\Users\qmari\OneDrive\Source Code\Assembly\ECNG3006\L02_815117414\q1lab2.X\uCSource\os_core.c
           OSTimeTickHook   0x0025d6    program     extern C:\Users\qmari\OneDrive\Source Code\Assembly\ECNG3006\L02_815117414\q1lab2.X\uCSource\OS_CPU_C.c
               OSUnMapTbl   0x002e34    program     extern C:\Users\qmari\OneDrive\Source Code\Assembly\ECNG3006\L02_815117414\q1lab2.X\uCSource\os_core.c
                OSVersion   0x00050e    program     extern C:\Users\qmari\OneDrive\Source Code\Assembly\ECNG3006\L02_815117414\q1lab2.X\uCSource\os_core.c
                 OS_Dummy   0x000518    program     extern C:\Users\qmari\OneDrive\Source Code\Assembly\ECNG3006\L02_815117414\q1lab2.X\uCSource\os_core.c
         OS_InitEventList   0x00051a    program     static C:\Users\qmari\OneDrive\Source Code\Assembly\ECNG3006\L02_815117414\q1lab2.X\uCSource\os_core.c
              OS_InitMisc   0x00051c    program     static C:\Users\qmari\OneDrive\Source Code\Assembly\ECNG3006\L02_815117414\q1lab2.X\uCSource\os_core.c
           OS_InitRdyList   0x000564    program     static C:\Users\qmari\OneDrive\Source Code\Assembly\ECNG3006\L02_815117414\q1lab2.X\uCSource\os_core.c
           OS_InitTCBList   0x0006a4    program     static C:\Users\qmari\OneDrive\Source Code\Assembly\ECNG3006\L02_815117414\q1lab2.X\uCSource\os_core.c
          OS_InitTaskIdle   0x0005f6    program     static C:\Users\qmari\OneDrive\Source Code\Assembly\ECNG3006\L02_815117414\q1lab2.X\uCSource\os_core.c
          OS_InitTaskStat   0x00064c    program     static C:\Users\qmari\OneDrive\Source Code\Assembly\ECNG3006\L02_815117414\q1lab2.X\uCSource\os_core.c
                 OS_Sched   0x00079c    program     extern C:\Users\qmari\OneDrive\Source Code\Assembly\ECNG3006\L02_815117414\q1lab2.X\uCSource\os_core.c
               OS_TCBInit   0x000ac6    program     extern C:\Users\qmari\OneDrive\Source Code\Assembly\ECNG3006\L02_815117414\q1lab2.X\uCSource\os_core.c
              OS_TaskIdle   0x00089c    program     extern C:\Users\qmari\OneDrive\Source Code\Assembly\ECNG3006\L02_815117414\q1lab2.X\uCSource\os_core.c
              OS_TaskStat   0x0008f8    program     extern C:\Users\qmari\OneDrive\Source Code\Assembly\ECNG3006\L02_815117414\q1lab2.X\uCSource\os_core.c
                  OneByte   0x002ca0    program     static E:\3.46\pic18-lt\cxx-framework\src\traditional\stdclib\btobcd.asm
                  OneByte   0x002e1a    program     static E:\3.46\pic18-lt\cxx-framework\src\traditional\stdclib\ltobcd.asm
               OpenTimer0   0x003524    program     extern E:\3.46\pic18-lt\cxx-framework\src\pmc_common\Timers\t0open.c
                 OpenXLCD   0x002f34    program     extern C:\Users\qmari\OneDrive\Source Code\Assembly\ECNG3006\L02_815117414\q1lab2.X\xlcdfiles\openxlcd.c
                ProcLower   0x002c62    program     static E:\3.46\pic18-lt\cxx-framework\src\traditional\stdclib\btoa.asm
                ProcLower   0x002db2    program     static E:\3.46\pic18-lt\cxx-framework\src\traditional\stdclib\ultoa.asm
                ProcUpper   0x002c58    program     static E:\3.46\pic18-lt\cxx-framework\src\traditional\stdclib\btoa.asm
                ProcUpper   0x002da8    program     static E:\3.46\pic18-lt\cxx-framework\src\traditional\stdclib\ultoa.asm
             ReadAddrXLCD   0x0033c4    program     extern C:\Users\qmari\OneDrive\Source Code\Assembly\ECNG3006\L02_815117414\q1lab2.X\xlcdfiles\readaddr.c
             ReadDataXLCD   0x003372    program     extern C:\Users\qmari\OneDrive\Source Code\Assembly\ECNG3006\L02_815117414\q1lab2.X\xlcdfiles\readdata.c
             SetCGRamAddr   0x003202    program     extern C:\Users\qmari\OneDrive\Source Code\Assembly\ECNG3006\L02_815117414\q1lab2.X\xlcdfiles\setcgram.c
             SetDDRamAddr   0x0031a4    program     extern C:\Users\qmari\OneDrive\Source Code\Assembly\ECNG3006\L02_815117414\q1lab2.X\xlcdfiles\setddram.c
                 TestTask   0x002a92    program     extern C:\Users\qmari\OneDrive\Source Code\Assembly\ECNG3006\L02_815117414\q1lab2.X\uCSource\TEST.c
                 TstLower   0x002c4c    program     static E:\3.46\pic18-lt\cxx-framework\src\traditional\stdclib\btoa.asm
                 TstLower   0x002d9c    program     static E:\3.46\pic18-lt\cxx-framework\src\traditional\stdclib\ultoa.asm
                 TstUpper   0x002c46    program     static E:\3.46\pic18-lt\cxx-framework\src\traditional\stdclib\btoa.asm
                 TstUpper   0x002d96    program     static E:\3.46\pic18-lt\cxx-framework\src\traditional\stdclib\ultoa.asm
             WriteCmdXLCD   0x0032bc    program     extern C:\Users\qmari\OneDrive\Source Code\Assembly\ECNG3006\L02_815117414\q1lab2.X\xlcdfiles\wcmdxlcd.c
            WriteDataXLCD   0x003260    program     extern C:\Users\qmari\OneDrive\Source Code\Assembly\ECNG3006\L02_815117414\q1lab2.X\xlcdfiles\writdata.c
              WriteTimer0   0x0034ec    program     extern E:\3.46\pic18-lt\cxx-framework\src\pmc_common\Timers\t0write.c
              _2jContinue   0x003436    program     static E:\3.46\pic18-lt\cxx-framework\src\traditional\stdclib\memset.asm
                   _3jEnd   0x003440    program     static E:\3.46\pic18-lt\cxx-framework\src\traditional\stdclib\memset.asm
       _D10KTCYXCODE_0010   0x00356c    program     static E:\3.46\pic18-lt\cxx-framework\src\traditional\delays\d10ktcyx.asm
       _D10KTCYXCODE_001C   0x003578    program     static E:\3.46\pic18-lt\cxx-framework\src\traditional\delays\d10ktcyx.asm
        _D10TCYXCODE_000A   0x00360a    program     static E:\3.46\pic18-lt\cxx-framework\src\traditional\delays\d10tcyx.asm
        _D10TCYXCODE_000C   0x00360c    program     static E:\3.46\pic18-lt\cxx-framework\src\traditional\delays\d10tcyx.asm
        _D10TCYXCODE_000E   0x00360e    program     static E:\3.46\pic18-lt\cxx-framework\src\traditional\delays\d10tcyx.asm
        _D1KTCYXCODE_0010   0x00359a    program     static E:\3.46\pic18-lt\cxx-framework\src\traditional\delays\d1ktcyx.asm
        _D1KTCYXCODE_0016   0x0035a0    program     static E:\3.46\pic18-lt\cxx-framework\src\traditional\delays\d1ktcyx.asm
           ___do_lbl00014   0x002636    program     static                          
           ___do_lbl00015   0x00263a    program     static                          
           ___do_lbl00016   0x002628    program     static                          
           ___do_lbl00021   0x00272c    program     static                          
           ___do_lbl00022   0x002730    program     static                          
           ___do_lbl00023   0x00271e    program     static                          
           ___do_lbl00034   0x002886    program     static                          
           ___do_lbl00035   0x00288a    program     static                          
           ___do_lbl00036   0x002878    program     static                          
           ___if_lbl00013   0x002622    program     static                          
           ___if_lbl00020   0x0026ea    program     static                          
           ___if_lbl00030   0x002834    program     static                          
           ___if_lbl00033   0x002872    program     static                          
       ___return_lbl00000   0x000004    program     static                          
       ___return_lbl00000   0x0031a2    program     static                          
       ___return_lbl00000   0x0034ac    program     static                          
       ___return_lbl00001   0x0035e4    program     static                          
       ___return_lbl00002   0x0030bc    program     static                          
       ___return_lbl00003   0x0025d2    program     static                          
       ___return_lbl00010   0x00267c    program     static                          
       ___return_lbl00017   0x002772    program     static                          
       ___return_lbl00024   0x000012    program     static                          
       ___return_lbl00025   0x00001c    program     static                          
       ___return_lbl00026   0x002804    program     static                          
       ___return_lbl00027   0x0028cc    program     static                          
        ___while_lbl00011   0x002612    program     static                          
        ___while_lbl00012   0x00261c    program     static                          
        ___while_lbl00018   0x0026c8    program     static                          
        ___while_lbl00019   0x0026e0    program     static                          
        ___while_lbl00028   0x002812    program     static                          
        ___while_lbl00029   0x00282a    program     static                          
        ___while_lbl00031   0x002862    program     static                          
        ___while_lbl00032   0x00286c    program     static                          
                   __init   0x003616    program     extern E:\3.46\pic18-lt\cxx-framework\src\traditional\stdclib\__init.c
            __zero_memory   0x0035aa    program     extern E:\3.46\pic18-lt\cxx-framework\src\traditional\proc\p18f452.asm
                _do_cinit   0x003020    program     extern E:\3.46\pic18-lt\cxx-framework\src\traditional\startup\c018i.c
                   _entry   0x000000    program     extern E:\3.46\pic18-lt\cxx-framework\src\traditional\startup\c018i.c
                   _false   0x0034a8    program     static                          
                 _startup   0x0035ca    program     extern E:\3.46\pic18-lt\cxx-framework\src\traditional\startup\c018i.c
                   btoBCD   0x002c6c    program     extern E:\3.46\pic18-lt\cxx-framework\src\traditional\stdclib\btobcd.asm
                     btoa   0x002bb0    program     extern E:\3.46\pic18-lt\cxx-framework\src\traditional\stdclib\btoa.asm
                compare_l   0x0035c0    program     static E:\3.46\pic18-lt\cxx-framework\src\traditional\proc\p18f452.asm
                copy_loop   0x003092    program     static                          
            copy_one_byte   0x003098    program     static                          
                     done   0x0030bc    program     static                          
             done_copying   0x0030a6    program     static                          
                     jDo1   0x002d62    program     static E:\3.46\pic18-lt\cxx-framework\src\traditional\stdclib\ultoa.asm
                     jDo1   0x002c12    program     static E:\3.46\pic18-lt\cxx-framework\src\traditional\stdclib\btoa.asm
                    jDo10   0x002d3e    program     static E:\3.46\pic18-lt\cxx-framework\src\traditional\stdclib\ultoa.asm
                     jDo2   0x002c0e    program     static E:\3.46\pic18-lt\cxx-framework\src\traditional\stdclib\btoa.asm
                     jDo2   0x002d5e    program     static E:\3.46\pic18-lt\cxx-framework\src\traditional\stdclib\ultoa.asm
                     jDo3   0x002c0a    program     static E:\3.46\pic18-lt\cxx-framework\src\traditional\stdclib\btoa.asm
                     jDo3   0x002d5a    program     static E:\3.46\pic18-lt\cxx-framework\src\traditional\stdclib\ultoa.asm
                     jDo4   0x002d56    program     static E:\3.46\pic18-lt\cxx-framework\src\traditional\stdclib\ultoa.asm
                     jDo5   0x002d52    program     static E:\3.46\pic18-lt\cxx-framework\src\traditional\stdclib\ultoa.asm
                     jDo6   0x002d4e    program     static E:\3.46\pic18-lt\cxx-framework\src\traditional\stdclib\ultoa.asm
                     jDo7   0x002d4a    program     static E:\3.46\pic18-lt\cxx-framework\src\traditional\stdclib\ultoa.asm
                     jDo8   0x002d46    program     static E:\3.46\pic18-lt\cxx-framework\src\traditional\stdclib\ultoa.asm
                     jDo9   0x002d42    program     static E:\3.46\pic18-lt\cxx-framework\src\traditional\stdclib\ultoa.asm
                     jEnd   0x002c9c    program     static E:\3.46\pic18-lt\cxx-framework\src\traditional\stdclib\btobcd.asm
                     jEnd   0x002e16    program     static E:\3.46\pic18-lt\cxx-framework\src\traditional\stdclib\ltobcd.asm
                     jEnd   0x003448    program     static E:\3.46\pic18-lt\cxx-framework\src\traditional\stdclib\memset.asm
                     jEnd   0x003464    program     static E:\3.46\pic18-lt\cxx-framework\src\traditional\stdclib\strlen.asm
                    jLoop   0x00345a    program     static E:\3.46\pic18-lt\cxx-framework\src\traditional\stdclib\strlen.asm
                    jLoop   0x002dd8    program     static E:\3.46\pic18-lt\cxx-framework\src\traditional\stdclib\ltobcd.asm
                    jLoop   0x00342a    program     static E:\3.46\pic18-lt\cxx-framework\src\traditional\stdclib\memset.asm
                    jLoop   0x002c82    program     static E:\3.46\pic18-lt\cxx-framework\src\traditional\stdclib\btobcd.asm
                jTstLowZ1   0x002da6    program     static E:\3.46\pic18-lt\cxx-framework\src\traditional\stdclib\ultoa.asm
                jTstLowZ1   0x002c56    program     static E:\3.46\pic18-lt\cxx-framework\src\traditional\stdclib\btoa.asm
                jTstSign1   0x002bd4    program     static E:\3.46\pic18-lt\cxx-framework\src\traditional\stdclib\btoa.asm
                     loop   0x0035da    program     static                          
                     loop   0x003474    program     static                          
                   loop_h   0x0035b8    program     static E:\3.46\pic18-lt\cxx-framework\src\traditional\proc\p18f452.asm
                   loop_l   0x0035c2    program     static E:\3.46\pic18-lt\cxx-framework\src\traditional\proc\p18f452.asm
                   ltoBCD   0x002dbc    program     extern E:\3.46\pic18-lt\cxx-framework\src\traditional\stdclib\ltobcd.asm
                     main   0x002b48    program     extern C:\Users\qmari\OneDrive\Source Code\Assembly\ECNG3006\L02_815117414\q1lab2.X\uCSource\TEST.c
                   memset   0x003416    program     extern E:\3.46\pic18-lt\cxx-framework\src\traditional\stdclib\memset.asm
                putrsXLCD   0x0030be    program     extern C:\Users\qmari\OneDrive\Source Code\Assembly\ECNG3006\L02_815117414\q1lab2.X\xlcdfiles\putrxlcd.c
                 putsXLCD   0x003318    program     extern C:\Users\qmari\OneDrive\Source Code\Assembly\ECNG3006\L02_815117414\q1lab2.X\xlcdfiles\putsxlcd.c
                   strlen   0x00344a    program     extern E:\3.46\pic18-lt\cxx-framework\src\traditional\stdclib\strlen.asm
                     test   0x00303a    program     static                          
                    ultoa   0x002cb2    program     extern E:\3.46\pic18-lt\cxx-framework\src\traditional\stdclib\ultoa.asm
               zero_block   0x0035b8    program     static E:\3.46\pic18-lt\cxx-framework\src\traditional\proc\p18f452.asm
                   ADCON0   0x000fc2       data     extern E:\3.46\pic18-lt\cxx-framework\src\traditional\proc\p18f452.asm
               ADCON0bits   0x000fc2       data     extern E:\3.46\pic18-lt\cxx-framework\src\traditional\proc\p18f452.asm
                   ADCON1   0x000fc1       data     extern E:\3.46\pic18-lt\cxx-framework\src\traditional\proc\p18f452.asm
               ADCON1bits   0x000fc1       data     extern E:\3.46\pic18-lt\cxx-framework\src\traditional\proc\p18f452.asm
                    ADRES   0x000fc3       data     extern E:\3.46\pic18-lt\cxx-framework\src\traditional\proc\p18f452.asm
                   ADRESH   0x000fc4       data     extern E:\3.46\pic18-lt\cxx-framework\src\traditional\proc\p18f452.asm
                   ADRESL   0x000fc3       data     extern E:\3.46\pic18-lt\cxx-framework\src\traditional\proc\p18f452.asm
                      BSR   0x000fe0       data     extern E:\3.46\pic18-lt\cxx-framework\src\traditional\proc\p18f452.asm
                  CCP1CON   0x000fbd       data     extern E:\3.46\pic18-lt\cxx-framework\src\traditional\proc\p18f452.asm
              CCP1CONbits   0x000fbd       data     extern E:\3.46\pic18-lt\cxx-framework\src\traditional\proc\p18f452.asm
                  CCP2CON   0x000fba       data     extern E:\3.46\pic18-lt\cxx-framework\src\traditional\proc\p18f452.asm
              CCP2CONbits   0x000fba       data     extern E:\3.46\pic18-lt\cxx-framework\src\traditional\proc\p18f452.asm
                    CCPR1   0x000fbe       data     extern E:\3.46\pic18-lt\cxx-framework\src\traditional\proc\p18f452.asm
                   CCPR1H   0x000fbf       data     extern E:\3.46\pic18-lt\cxx-framework\src\traditional\proc\p18f452.asm
                   CCPR1L   0x000fbe       data     extern E:\3.46\pic18-lt\cxx-framework\src\traditional\proc\p18f452.asm
                    CCPR2   0x000fbb       data     extern E:\3.46\pic18-lt\cxx-framework\src\traditional\proc\p18f452.asm
                   CCPR2H   0x000fbc       data     extern E:\3.46\pic18-lt\cxx-framework\src\traditional\proc\p18f452.asm
                   CCPR2L   0x000fbb       data     extern E:\3.46\pic18-lt\cxx-framework\src\traditional\proc\p18f452.asm
                     DDRA   0x000f92       data     extern E:\3.46\pic18-lt\cxx-framework\src\traditional\proc\p18f452.asm
                 DDRAbits   0x000f92       data     extern E:\3.46\pic18-lt\cxx-framework\src\traditional\proc\p18f452.asm
                     DDRB   0x000f93       data     extern E:\3.46\pic18-lt\cxx-framework\src\traditional\proc\p18f452.asm
                 DDRBbits   0x000f93       data     extern E:\3.46\pic18-lt\cxx-framework\src\traditional\proc\p18f452.asm
                     DDRC   0x000f94       data     extern E:\3.46\pic18-lt\cxx-framework\src\traditional\proc\p18f452.asm
                 DDRCbits   0x000f94       data     extern E:\3.46\pic18-lt\cxx-framework\src\traditional\proc\p18f452.asm
                     DDRD   0x000f95       data     extern E:\3.46\pic18-lt\cxx-framework\src\traditional\proc\p18f452.asm
                 DDRDbits   0x000f95       data     extern E:\3.46\pic18-lt\cxx-framework\src\traditional\proc\p18f452.asm
                     DDRE   0x000f96       data     extern E:\3.46\pic18-lt\cxx-framework\src\traditional\proc\p18f452.asm
                 DDREbits   0x000f96       data     extern E:\3.46\pic18-lt\cxx-framework\src\traditional\proc\p18f452.asm
            DelayCounter1   0x000025       data     extern E:\3.46\pic18-lt\cxx-framework\src\traditional\delays\delayd1.asm
            DelayCounter2   0x000024       data     extern E:\3.46\pic18-lt\cxx-framework\src\traditional\delays\delayd2.asm
                    EEADR   0x000fa9       data     extern E:\3.46\pic18-lt\cxx-framework\src\traditional\proc\p18f452.asm
                   EECON1   0x000fa6       data     extern E:\3.46\pic18-lt\cxx-framework\src\traditional\proc\p18f452.asm
               EECON1bits   0x000fa6       data     extern E:\3.46\pic18-lt\cxx-framework\src\traditional\proc\p18f452.asm
                   EECON2   0x000fa7       data     extern E:\3.46\pic18-lt\cxx-framework\src\traditional\proc\p18f452.asm
                   EEDATA   0x000fa8       data     extern E:\3.46\pic18-lt\cxx-framework\src\traditional\proc\p18f452.asm
                     FSR0   0x000fe9       data     extern E:\3.46\pic18-lt\cxx-framework\src\traditional\proc\p18f452.asm
                    FSR0H   0x000fea       data     extern E:\3.46\pic18-lt\cxx-framework\src\traditional\proc\p18f452.asm
                    FSR0L   0x000fe9       data     extern E:\3.46\pic18-lt\cxx-framework\src\traditional\proc\p18f452.asm
                     FSR1   0x000fe1       data     extern E:\3.46\pic18-lt\cxx-framework\src\traditional\proc\p18f452.asm
                    FSR1H   0x000fe2       data     extern E:\3.46\pic18-lt\cxx-framework\src\traditional\proc\p18f452.asm
                    FSR1L   0x000fe1       data     extern E:\3.46\pic18-lt\cxx-framework\src\traditional\proc\p18f452.asm
                     FSR2   0x000fd9       data     extern E:\3.46\pic18-lt\cxx-framework\src\traditional\proc\p18f452.asm
                    FSR2H   0x000fda       data     extern E:\3.46\pic18-lt\cxx-framework\src\traditional\proc\p18f452.asm
                    FSR2L   0x000fd9       data     extern E:\3.46\pic18-lt\cxx-framework\src\traditional\proc\p18f452.asm
                    INDF0   0x000fef       data     extern E:\3.46\pic18-lt\cxx-framework\src\traditional\proc\p18f452.asm
                    INDF1   0x000fe7       data     extern E:\3.46\pic18-lt\cxx-framework\src\traditional\proc\p18f452.asm
                    INDF2   0x000fdf       data     extern E:\3.46\pic18-lt\cxx-framework\src\traditional\proc\p18f452.asm
                   INTCON   0x000ff2       data     extern E:\3.46\pic18-lt\cxx-framework\src\traditional\proc\p18f452.asm
                  INTCON1   0x000ff2       data     extern E:\3.46\pic18-lt\cxx-framework\src\traditional\proc\p18f452.asm
              INTCON1bits   0x000ff2       data     extern E:\3.46\pic18-lt\cxx-framework\src\traditional\proc\p18f452.asm
                  INTCON2   0x000ff1       data     extern E:\3.46\pic18-lt\cxx-framework\src\traditional\proc\p18f452.asm
              INTCON2bits   0x000ff1       data     extern E:\3.46\pic18-lt\cxx-framework\src\traditional\proc\p18f452.asm
                  INTCON3   0x000ff0       data     extern E:\3.46\pic18-lt\cxx-framework\src\traditional\proc\p18f452.asm
              INTCON3bits   0x000ff0       data     extern E:\3.46\pic18-lt\cxx-framework\src\traditional\proc\p18f452.asm
               INTCONbits   0x000ff2       data     extern E:\3.46\pic18-lt\cxx-framework\src\traditional\proc\p18f452.asm
                     IPR1   0x000f9f       data     extern E:\3.46\pic18-lt\cxx-framework\src\traditional\proc\p18f452.asm
                 IPR1bits   0x000f9f       data     extern E:\3.46\pic18-lt\cxx-framework\src\traditional\proc\p18f452.asm
                     IPR2   0x000fa2       data     extern E:\3.46\pic18-lt\cxx-framework\src\traditional\proc\p18f452.asm
                 IPR2bits   0x000fa2       data     extern E:\3.46\pic18-lt\cxx-framework\src\traditional\proc\p18f452.asm
                     LATA   0x000f89       data     extern E:\3.46\pic18-lt\cxx-framework\src\traditional\proc\p18f452.asm
                 LATAbits   0x000f89       data     extern E:\3.46\pic18-lt\cxx-framework\src\traditional\proc\p18f452.asm
                     LATB   0x000f8a       data     extern E:\3.46\pic18-lt\cxx-framework\src\traditional\proc\p18f452.asm
                 LATBbits   0x000f8a       data     extern E:\3.46\pic18-lt\cxx-framework\src\traditional\proc\p18f452.asm
                     LATC   0x000f8b       data     extern E:\3.46\pic18-lt\cxx-framework\src\traditional\proc\p18f452.asm
                 LATCbits   0x000f8b       data     extern E:\3.46\pic18-lt\cxx-framework\src\traditional\proc\p18f452.asm
                     LATD   0x000f8c       data     extern E:\3.46\pic18-lt\cxx-framework\src\traditional\proc\p18f452.asm
                 LATDbits   0x000f8c       data     extern E:\3.46\pic18-lt\cxx-framework\src\traditional\proc\p18f452.asm
                     LATE   0x000f8d       data     extern E:\3.46\pic18-lt\cxx-framework\src\traditional\proc\p18f452.asm
                 LATEbits   0x000f8d       data     extern E:\3.46\pic18-lt\cxx-framework\src\traditional\proc\p18f452.asm
               LCDTaskStk   0x000277       data     extern C:\Users\qmari\OneDrive\Source Code\Assembly\ECNG3006\L02_815117414\q1lab2.X\uCSource\TEST.c
                   LVDCON   0x000fd2       data     extern E:\3.46\pic18-lt\cxx-framework\src\traditional\proc\p18f452.asm
               LVDCONbits   0x000fd2       data     extern E:\3.46\pic18-lt\cxx-framework\src\traditional\proc\p18f452.asm
                   OSCCON   0x000fd3       data     extern E:\3.46\pic18-lt\cxx-framework\src\traditional\proc\p18f452.asm
               OSCCONbits   0x000fd3       data     extern E:\3.46\pic18-lt\cxx-framework\src\traditional\proc\p18f452.asm
               OSCPUUsage   0x0000b4       data     extern C:\Users\qmari\OneDrive\Source Code\Assembly\ECNG3006\L02_815117414\q1lab2.X\uCSource\uCOS_II.H
               OSCtxSwCtr   0x0000b0       data     extern C:\Users\qmari\OneDrive\Source Code\Assembly\ECNG3006\L02_815117414\q1lab2.X\uCSource\uCOS_II.H
                OSIdleCtr   0x00012b       data     extern C:\Users\qmari\OneDrive\Source Code\Assembly\ECNG3006\L02_815117414\q1lab2.X\uCSource\uCOS_II.H
             OSIdleCtrMax   0x0000b5       data     extern C:\Users\qmari\OneDrive\Source Code\Assembly\ECNG3006\L02_815117414\q1lab2.X\uCSource\uCOS_II.H
             OSIdleCtrRun   0x0000b9       data     extern C:\Users\qmari\OneDrive\Source Code\Assembly\ECNG3006\L02_815117414\q1lab2.X\uCSource\uCOS_II.H
               OSIntExitY   0x000123       data     extern C:\Users\qmari\OneDrive\Source Code\Assembly\ECNG3006\L02_815117414\q1lab2.X\uCSource\uCOS_II.H
             OSIntNesting   0x000122       data     extern C:\Users\qmari\OneDrive\Source Code\Assembly\ECNG3006\L02_815117414\q1lab2.X\uCSource\uCOS_II.H
            OSLockNesting   0x000124       data     extern C:\Users\qmari\OneDrive\Source Code\Assembly\ECNG3006\L02_815117414\q1lab2.X\uCSource\uCOS_II.H
                OSPrioCur   0x000125       data     extern C:\Users\qmari\OneDrive\Source Code\Assembly\ECNG3006\L02_815117414\q1lab2.X\uCSource\uCOS_II.H
            OSPrioHighRdy   0x000126       data     extern C:\Users\qmari\OneDrive\Source Code\Assembly\ECNG3006\L02_815117414\q1lab2.X\uCSource\uCOS_II.H
                 OSRdyGrp   0x000127       data     extern C:\Users\qmari\OneDrive\Source Code\Assembly\ECNG3006\L02_815117414\q1lab2.X\uCSource\uCOS_II.H
                 OSRdyTbl   0x000128       data     extern C:\Users\qmari\OneDrive\Source Code\Assembly\ECNG3006\L02_815117414\q1lab2.X\uCSource\uCOS_II.H
                OSRunning   0x000129       data     extern C:\Users\qmari\OneDrive\Source Code\Assembly\ECNG3006\L02_815117414\q1lab2.X\uCSource\uCOS_II.H
                OSStatRdy   0x0000bd       data     extern C:\Users\qmari\OneDrive\Source Code\Assembly\ECNG3006\L02_815117414\q1lab2.X\uCSource\uCOS_II.H
                 OSTCBCur   0x000193       data     extern C:\Users\qmari\OneDrive\Source Code\Assembly\ECNG3006\L02_815117414\q1lab2.X\uCSource\uCOS_II.H
            OSTCBFreeList   0x000195       data     extern C:\Users\qmari\OneDrive\Source Code\Assembly\ECNG3006\L02_815117414\q1lab2.X\uCSource\uCOS_II.H
             OSTCBHighRdy   0x000197       data     extern C:\Users\qmari\OneDrive\Source Code\Assembly\ECNG3006\L02_815117414\q1lab2.X\uCSource\uCOS_II.H
                OSTCBList   0x000199       data     extern C:\Users\qmari\OneDrive\Source Code\Assembly\ECNG3006\L02_815117414\q1lab2.X\uCSource\uCOS_II.H
             OSTCBPrioTbl   0x00019b       data     extern C:\Users\qmari\OneDrive\Source Code\Assembly\ECNG3006\L02_815117414\q1lab2.X\uCSource\uCOS_II.H
                 OSTCBTbl   0x0001a3       data     extern C:\Users\qmari\OneDrive\Source Code\Assembly\ECNG3006\L02_815117414\q1lab2.X\uCSource\uCOS_II.H
                OSTaskCtr   0x00012a       data     extern C:\Users\qmari\OneDrive\Source Code\Assembly\ECNG3006\L02_815117414\q1lab2.X\uCSource\uCOS_II.H
            OSTaskIdleStk   0x00012f       data     extern C:\Users\qmari\OneDrive\Source Code\Assembly\ECNG3006\L02_815117414\q1lab2.X\uCSource\uCOS_II.H
            OSTaskStatStk   0x0000be       data     extern C:\Users\qmari\OneDrive\Source Code\Assembly\ECNG3006\L02_815117414\q1lab2.X\uCSource\uCOS_II.H
                   OSTime   0x00020f       data     extern C:\Users\qmari\OneDrive\Source Code\Assembly\ECNG3006\L02_815117414\q1lab2.X\uCSource\uCOS_II.H
                       PC   0x000ff9       data     extern E:\3.46\pic18-lt\cxx-framework\src\traditional\proc\p18f452.asm
                      PCL   0x000ff9       data     extern E:\3.46\pic18-lt\cxx-framework\src\traditional\proc\p18f452.asm
                   PCLATH   0x000ffa       data     extern E:\3.46\pic18-lt\cxx-framework\src\traditional\proc\p18f452.asm
                   PCLATU   0x000ffb       data     extern E:\3.46\pic18-lt\cxx-framework\src\traditional\proc\p18f452.asm
                     PIE1   0x000f9d       data     extern E:\3.46\pic18-lt\cxx-framework\src\traditional\proc\p18f452.asm
                 PIE1bits   0x000f9d       data     extern E:\3.46\pic18-lt\cxx-framework\src\traditional\proc\p18f452.asm
                     PIE2   0x000fa0       data     extern E:\3.46\pic18-lt\cxx-framework\src\traditional\proc\p18f452.asm
                 PIE2bits   0x000fa0       data     extern E:\3.46\pic18-lt\cxx-framework\src\traditional\proc\p18f452.asm
                     PIR1   0x000f9e       data     extern E:\3.46\pic18-lt\cxx-framework\src\traditional\proc\p18f452.asm
                 PIR1bits   0x000f9e       data     extern E:\3.46\pic18-lt\cxx-framework\src\traditional\proc\p18f452.asm
                     PIR2   0x000fa1       data     extern E:\3.46\pic18-lt\cxx-framework\src\traditional\proc\p18f452.asm
                 PIR2bits   0x000fa1       data     extern E:\3.46\pic18-lt\cxx-framework\src\traditional\proc\p18f452.asm
                   PLUSW0   0x000feb       data     extern E:\3.46\pic18-lt\cxx-framework\src\traditional\proc\p18f452.asm
                   PLUSW1   0x000fe3       data     extern E:\3.46\pic18-lt\cxx-framework\src\traditional\proc\p18f452.asm
                   PLUSW2   0x000fdb       data     extern E:\3.46\pic18-lt\cxx-framework\src\traditional\proc\p18f452.asm
                    PORTA   0x000f80       data     extern E:\3.46\pic18-lt\cxx-framework\src\traditional\proc\p18f452.asm
                PORTAbits   0x000f80       data     extern E:\3.46\pic18-lt\cxx-framework\src\traditional\proc\p18f452.asm
                    PORTB   0x000f81       data     extern E:\3.46\pic18-lt\cxx-framework\src\traditional\proc\p18f452.asm
                PORTBbits   0x000f81       data     extern E:\3.46\pic18-lt\cxx-framework\src\traditional\proc\p18f452.asm
                    PORTC   0x000f82       data     extern E:\3.46\pic18-lt\cxx-framework\src\traditional\proc\p18f452.asm
                PORTCbits   0x000f82       data     extern E:\3.46\pic18-lt\cxx-framework\src\traditional\proc\p18f452.asm
                    PORTD   0x000f83       data     extern E:\3.46\pic18-lt\cxx-framework\src\traditional\proc\p18f452.asm
                PORTDbits   0x000f83       data     extern E:\3.46\pic18-lt\cxx-framework\src\traditional\proc\p18f452.asm
                    PORTE   0x000f84       data     extern E:\3.46\pic18-lt\cxx-framework\src\traditional\proc\p18f452.asm
                PORTEbits   0x000f84       data     extern E:\3.46\pic18-lt\cxx-framework\src\traditional\proc\p18f452.asm
                 POSTDEC0   0x000fed       data     extern E:\3.46\pic18-lt\cxx-framework\src\traditional\proc\p18f452.asm
                 POSTDEC1   0x000fe5       data     extern E:\3.46\pic18-lt\cxx-framework\src\traditional\proc\p18f452.asm
                 POSTDEC2   0x000fdd       data     extern E:\3.46\pic18-lt\cxx-framework\src\traditional\proc\p18f452.asm
                 POSTINC0   0x000fee       data     extern E:\3.46\pic18-lt\cxx-framework\src\traditional\proc\p18f452.asm
                 POSTINC1   0x000fe6       data     extern E:\3.46\pic18-lt\cxx-framework\src\traditional\proc\p18f452.asm
                 POSTINC2   0x000fde       data     extern E:\3.46\pic18-lt\cxx-framework\src\traditional\proc\p18f452.asm
                      PR2   0x000fcb       data     extern E:\3.46\pic18-lt\cxx-framework\src\traditional\proc\p18f452.asm
                  PREINC0   0x000fec       data     extern E:\3.46\pic18-lt\cxx-framework\src\traditional\proc\p18f452.asm
                  PREINC1   0x000fe4       data     extern E:\3.46\pic18-lt\cxx-framework\src\traditional\proc\p18f452.asm
                  PREINC2   0x000fdc       data     extern E:\3.46\pic18-lt\cxx-framework\src\traditional\proc\p18f452.asm
                     PROD   0x000ff3       data     extern E:\3.46\pic18-lt\cxx-framework\src\traditional\proc\p18f452.asm
                    PRODH   0x000ff4       data     extern E:\3.46\pic18-lt\cxx-framework\src\traditional\proc\p18f452.asm
                    PRODL   0x000ff3       data     extern E:\3.46\pic18-lt\cxx-framework\src\traditional\proc\p18f452.asm
                     RCON   0x000fd0       data     extern E:\3.46\pic18-lt\cxx-framework\src\traditional\proc\p18f452.asm
                 RCONbits   0x000fd0       data     extern E:\3.46\pic18-lt\cxx-framework\src\traditional\proc\p18f452.asm
                    RCREG   0x000fae       data     extern E:\3.46\pic18-lt\cxx-framework\src\traditional\proc\p18f452.asm
                    RCSTA   0x000fab       data     extern E:\3.46\pic18-lt\cxx-framework\src\traditional\proc\p18f452.asm
                RCSTAbits   0x000fab       data     extern E:\3.46\pic18-lt\cxx-framework\src\traditional\proc\p18f452.asm
                     SIGN   0x000022       data     extern E:\3.46\pic18-lt\cxx-framework\src\traditional\math\cmath18.asm
                    SPBRG   0x000faf       data     extern E:\3.46\pic18-lt\cxx-framework\src\traditional\proc\p18f452.asm
                   SSPADD   0x000fc8       data     extern E:\3.46\pic18-lt\cxx-framework\src\traditional\proc\p18f452.asm
                   SSPBUF   0x000fc9       data     extern E:\3.46\pic18-lt\cxx-framework\src\traditional\proc\p18f452.asm
                  SSPCON1   0x000fc6       data     extern E:\3.46\pic18-lt\cxx-framework\src\traditional\proc\p18f452.asm
              SSPCON1bits   0x000fc6       data     extern E:\3.46\pic18-lt\cxx-framework\src\traditional\proc\p18f452.asm
                  SSPCON2   0x000fc5       data     extern E:\3.46\pic18-lt\cxx-framework\src\traditional\proc\p18f452.asm
              SSPCON2bits   0x000fc5       data     extern E:\3.46\pic18-lt\cxx-framework\src\traditional\proc\p18f452.asm
                  SSPSTAT   0x000fc7       data     extern E:\3.46\pic18-lt\cxx-framework\src\traditional\proc\p18f452.asm
              SSPSTATbits   0x000fc7       data     extern E:\3.46\pic18-lt\cxx-framework\src\traditional\proc\p18f452.asm
                   STATUS   0x000fd8       data     extern E:\3.46\pic18-lt\cxx-framework\src\traditional\proc\p18f452.asm
               STATUSbits   0x000fd8       data     extern E:\3.46\pic18-lt\cxx-framework\src\traditional\proc\p18f452.asm
                   STKPTR   0x000ffc       data     extern E:\3.46\pic18-lt\cxx-framework\src\traditional\proc\p18f452.asm
               STKPTRbits   0x000ffc       data     extern E:\3.46\pic18-lt\cxx-framework\src\traditional\proc\p18f452.asm
                    T0CON   0x000fd5       data     extern E:\3.46\pic18-lt\cxx-framework\src\traditional\proc\p18f452.asm
                T0CONbits   0x000fd5       data     extern E:\3.46\pic18-lt\cxx-framework\src\traditional\proc\p18f452.asm
                    T1CON   0x000fcd       data     extern E:\3.46\pic18-lt\cxx-framework\src\traditional\proc\p18f452.asm
                T1CONbits   0x000fcd       data     extern E:\3.46\pic18-lt\cxx-framework\src\traditional\proc\p18f452.asm
                    T2CON   0x000fca       data     extern E:\3.46\pic18-lt\cxx-framework\src\traditional\proc\p18f452.asm
                T2CONbits   0x000fca       data     extern E:\3.46\pic18-lt\cxx-framework\src\traditional\proc\p18f452.asm
                    T3CON   0x000fb1       data     extern E:\3.46\pic18-lt\cxx-framework\src\traditional\proc\p18f452.asm
                T3CONbits   0x000fb1       data     extern E:\3.46\pic18-lt\cxx-framework\src\traditional\proc\p18f452.asm
                   TABLAT   0x000ff5       data     extern E:\3.46\pic18-lt\cxx-framework\src\traditional\proc\p18f452.asm
                   TBLPTR   0x000ff6       data     extern E:\3.46\pic18-lt\cxx-framework\src\traditional\proc\p18f452.asm
                  TBLPTRH   0x000ff7       data     extern E:\3.46\pic18-lt\cxx-framework\src\traditional\proc\p18f452.asm
                  TBLPTRL   0x000ff6       data     extern E:\3.46\pic18-lt\cxx-framework\src\traditional\proc\p18f452.asm
                  TBLPTRU   0x000ff8       data     extern E:\3.46\pic18-lt\cxx-framework\src\traditional\proc\p18f452.asm
                    TMR0H   0x000fd7       data     extern E:\3.46\pic18-lt\cxx-framework\src\traditional\proc\p18f452.asm
                    TMR0L   0x000fd6       data     extern E:\3.46\pic18-lt\cxx-framework\src\traditional\proc\p18f452.asm
                    TMR1H   0x000fcf       data     extern E:\3.46\pic18-lt\cxx-framework\src\traditional\proc\p18f452.asm
                    TMR1L   0x000fce       data     extern E:\3.46\pic18-lt\cxx-framework\src\traditional\proc\p18f452.asm
                     TMR2   0x000fcc       data     extern E:\3.46\pic18-lt\cxx-framework\src\traditional\proc\p18f452.asm
                    TMR3H   0x000fb3       data     extern E:\3.46\pic18-lt\cxx-framework\src\traditional\proc\p18f452.asm
                    TMR3L   0x000fb2       data     extern E:\3.46\pic18-lt\cxx-framework\src\traditional\proc\p18f452.asm
                      TOS   0x000ffd       data     extern E:\3.46\pic18-lt\cxx-framework\src\traditional\proc\p18f452.asm
                     TOSH   0x000ffe       data     extern E:\3.46\pic18-lt\cxx-framework\src\traditional\proc\p18f452.asm
                     TOSL   0x000ffd       data     extern E:\3.46\pic18-lt\cxx-framework\src\traditional\proc\p18f452.asm
                     TOSU   0x000fff       data     extern E:\3.46\pic18-lt\cxx-framework\src\traditional\proc\p18f452.asm
                    TRISA   0x000f92       data     extern E:\3.46\pic18-lt\cxx-framework\src\traditional\proc\p18f452.asm
                TRISAbits   0x000f92       data     extern E:\3.46\pic18-lt\cxx-framework\src\traditional\proc\p18f452.asm
                    TRISB   0x000f93       data     extern E:\3.46\pic18-lt\cxx-framework\src\traditional\proc\p18f452.asm
                TRISBbits   0x000f93       data     extern E:\3.46\pic18-lt\cxx-framework\src\traditional\proc\p18f452.asm
                    TRISC   0x000f94       data     extern E:\3.46\pic18-lt\cxx-framework\src\traditional\proc\p18f452.asm
                TRISCbits   0x000f94       data     extern E:\3.46\pic18-lt\cxx-framework\src\traditional\proc\p18f452.asm
                    TRISD   0x000f95       data     extern E:\3.46\pic18-lt\cxx-framework\src\traditional\proc\p18f452.asm
                TRISDbits   0x000f95       data     extern E:\3.46\pic18-lt\cxx-framework\src\traditional\proc\p18f452.asm
                    TRISE   0x000f96       data     extern E:\3.46\pic18-lt\cxx-framework\src\traditional\proc\p18f452.asm
                TRISEbits   0x000f96       data     extern E:\3.46\pic18-lt\cxx-framework\src\traditional\proc\p18f452.asm
                    TXREG   0x000fad       data     extern E:\3.46\pic18-lt\cxx-framework\src\traditional\proc\p18f452.asm
                    TXSTA   0x000fac       data     extern E:\3.46\pic18-lt\cxx-framework\src\traditional\proc\p18f452.asm
                TXSTAbits   0x000fac       data     extern E:\3.46\pic18-lt\cxx-framework\src\traditional\proc\p18f452.asm
              TestTaskStk   0x000213       data     extern C:\Users\qmari\OneDrive\Source Code\Assembly\ECNG3006\L02_815117414\q1lab2.X\uCSource\TEST.c
                        W   0x000fe8       data     extern E:\3.46\pic18-lt\cxx-framework\src\traditional\proc\p18f452.asm
                   WDTCON   0x000fd1       data     extern E:\3.46\pic18-lt\cxx-framework\src\traditional\proc\p18f452.asm
               WDTCONbits   0x000fd1       data     extern E:\3.46\pic18-lt\cxx-framework\src\traditional\proc\p18f452.asm
                     WREG   0x000fe8       data     extern E:\3.46\pic18-lt\cxx-framework\src\traditional\proc\p18f452.asm
                 __AARGB0   0x00001b       data     extern E:\3.46\pic18-lt\cxx-framework\src\traditional\math\aarg.asm
                 __AARGB1   0x00001a       data     extern E:\3.46\pic18-lt\cxx-framework\src\traditional\math\aarg.asm
                 __AARGB2   0x000019       data     extern E:\3.46\pic18-lt\cxx-framework\src\traditional\math\aarg.asm
                 __AARGB3   0x000018       data     extern E:\3.46\pic18-lt\cxx-framework\src\traditional\math\aarg.asm
                 __AARGB4   0x000017       data     extern E:\3.46\pic18-lt\cxx-framework\src\traditional\math\aarg.asm
                 __AARGB5   0x000016       data     extern E:\3.46\pic18-lt\cxx-framework\src\traditional\math\aarg.asm
                 __AARGB6   0x000015       data     extern E:\3.46\pic18-lt\cxx-framework\src\traditional\math\aarg.asm
                 __AARGB7   0x000014       data     extern E:\3.46\pic18-lt\cxx-framework\src\traditional\math\aarg.asm
                   __AEXP   0x00001c       data     extern E:\3.46\pic18-lt\cxx-framework\src\traditional\math\aarg.asm
                 __BARGB0   0x000020       data     extern E:\3.46\pic18-lt\cxx-framework\src\traditional\math\barg.asm
                 __BARGB1   0x00001f       data     extern E:\3.46\pic18-lt\cxx-framework\src\traditional\math\barg.asm
                 __BARGB2   0x00001e       data     extern E:\3.46\pic18-lt\cxx-framework\src\traditional\math\barg.asm
                 __BARGB3   0x00001d       data     extern E:\3.46\pic18-lt\cxx-framework\src\traditional\math\barg.asm
                   __BEXP   0x000021       data     extern E:\3.46\pic18-lt\cxx-framework\src\traditional\math\barg.asm
                __FPFLAGS   0x000023       data     extern E:\3.46\pic18-lt\cxx-framework\src\traditional\math\cmath18.asm
            __FPFLAGSbits   0x000023       data     extern E:\3.46\pic18-lt\cxx-framework\src\traditional\math\cmath18.asm
                  __REMB0   0x000017       data     extern E:\3.46\pic18-lt\cxx-framework\src\traditional\math\aarg.asm
                  __REMB1   0x000016       data     extern E:\3.46\pic18-lt\cxx-framework\src\traditional\math\aarg.asm
                  __REMB2   0x000015       data     extern E:\3.46\pic18-lt\cxx-framework\src\traditional\math\aarg.asm
                  __REMB3   0x000014       data     extern E:\3.46\pic18-lt\cxx-framework\src\traditional\math\aarg.asm
                  __tmp_0   0x000000       data     static C:\Users\qmari\OneDrive\Source Code\Assembly\ECNG3006\L02_815117414\q1lab2.X\uCSource\os_time.c
                  __tmp_0   0x000000       data     static C:\Users\qmari\OneDrive\Source Code\Assembly\ECNG3006\L02_815117414\q1lab2.X\uCSource\TEST.c
                  __tmp_0   0x000000       data     static C:\Users\qmari\OneDrive\Source Code\Assembly\ECNG3006\L02_815117414\q1lab2.X\uCSource\OS_CPU_C.c
                curr_byte   0x000353       data     static E:\3.46\pic18-lt\cxx-framework\src\traditional\startup\c018i.c
               curr_entry   0x000355       data     static E:\3.46\pic18-lt\cxx-framework\src\traditional\startup\c018i.c
                 data_ptr   0x000357       data     static E:\3.46\pic18-lt\cxx-framework\src\traditional\startup\c018i.c
                     prom   0x000350       data     static E:\3.46\pic18-lt\cxx-framework\src\traditional\startup\c018i.c
             rstr_welcome   0x00033f       data     static C:\Users\qmari\OneDrive\Source Code\Assembly\ECNG3006\L02_815117414\q1lab2.X\uCSource\TEST.c



                              Symbols - Sorted by Address
                     Name    Address   Location    Storage File                     
                ---------  ---------  ---------  --------- ---------                
                   _entry   0x000000    program     extern E:\3.46\pic18-lt\cxx-framework\src\traditional\startup\c018i.c
       ___return_lbl00000   0x000004    program     static                          
            CPUhighVector   0x000008    program     extern C:\Users\qmari\OneDrive\Source Code\Assembly\ECNG3006\L02_815117414\q1lab2.X\uCSource\OS_CPU_C.c
       ___return_lbl00024   0x000012    program     static                          
             CPUlowVector   0x000018    program     extern C:\Users\qmari\OneDrive\Source Code\Assembly\ECNG3006\L02_815117414\q1lab2.X\uCSource\OS_CPU_C.c
       ___return_lbl00025   0x00001c    program     static                          
                   OSInit   0x000038    program     extern C:\Users\qmari\OneDrive\Source Code\Assembly\ECNG3006\L02_815117414\q1lab2.X\uCSource\os_core.c
               OSIntEnter   0x00004e    program     extern C:\Users\qmari\OneDrive\Source Code\Assembly\ECNG3006\L02_815117414\q1lab2.X\uCSource\os_core.c
                OSIntExit   0x000072    program     extern C:\Users\qmari\OneDrive\Source Code\Assembly\ECNG3006\L02_815117414\q1lab2.X\uCSource\os_core.c
              OSSchedLock   0x00017e    program     extern C:\Users\qmari\OneDrive\Source Code\Assembly\ECNG3006\L02_815117414\q1lab2.X\uCSource\os_core.c
            OSSchedUnlock   0x0001d2    program     extern C:\Users\qmari\OneDrive\Source Code\Assembly\ECNG3006\L02_815117414\q1lab2.X\uCSource\os_core.c
                  OSStart   0x000230    program     extern C:\Users\qmari\OneDrive\Source Code\Assembly\ECNG3006\L02_815117414\q1lab2.X\uCSource\os_core.c
               OSStatInit   0x000312    program     extern C:\Users\qmari\OneDrive\Source Code\Assembly\ECNG3006\L02_815117414\q1lab2.X\uCSource\os_core.c
               OSTimeTick   0x000392    program     extern C:\Users\qmari\OneDrive\Source Code\Assembly\ECNG3006\L02_815117414\q1lab2.X\uCSource\os_core.c
                OSVersion   0x00050e    program     extern C:\Users\qmari\OneDrive\Source Code\Assembly\ECNG3006\L02_815117414\q1lab2.X\uCSource\os_core.c
                 OS_Dummy   0x000518    program     extern C:\Users\qmari\OneDrive\Source Code\Assembly\ECNG3006\L02_815117414\q1lab2.X\uCSource\os_core.c
         OS_InitEventList   0x00051a    program     static C:\Users\qmari\OneDrive\Source Code\Assembly\ECNG3006\L02_815117414\q1lab2.X\uCSource\os_core.c
              OS_InitMisc   0x00051c    program     static C:\Users\qmari\OneDrive\Source Code\Assembly\ECNG3006\L02_815117414\q1lab2.X\uCSource\os_core.c
           OS_InitRdyList   0x000564    program     static C:\Users\qmari\OneDrive\Source Code\Assembly\ECNG3006\L02_815117414\q1lab2.X\uCSource\os_core.c
          OS_InitTaskIdle   0x0005f6    program     static C:\Users\qmari\OneDrive\Source Code\Assembly\ECNG3006\L02_815117414\q1lab2.X\uCSource\os_core.c
          OS_InitTaskStat   0x00064c    program     static C:\Users\qmari\OneDrive\Source Code\Assembly\ECNG3006\L02_815117414\q1lab2.X\uCSource\os_core.c
           OS_InitTCBList   0x0006a4    program     static C:\Users\qmari\OneDrive\Source Code\Assembly\ECNG3006\L02_815117414\q1lab2.X\uCSource\os_core.c
                 OS_Sched   0x00079c    program     extern C:\Users\qmari\OneDrive\Source Code\Assembly\ECNG3006\L02_815117414\q1lab2.X\uCSource\os_core.c
              OS_TaskIdle   0x00089c    program     extern C:\Users\qmari\OneDrive\Source Code\Assembly\ECNG3006\L02_815117414\q1lab2.X\uCSource\os_core.c
              OS_TaskStat   0x0008f8    program     extern C:\Users\qmari\OneDrive\Source Code\Assembly\ECNG3006\L02_815117414\q1lab2.X\uCSource\os_core.c
               OS_TCBInit   0x000ac6    program     extern C:\Users\qmari\OneDrive\Source Code\Assembly\ECNG3006\L02_815117414\q1lab2.X\uCSource\os_core.c
         OSTaskChangePrio   0x000e82    program     extern C:\Users\qmari\OneDrive\Source Code\Assembly\ECNG3006\L02_815117414\q1lab2.X\uCSource\os_task.c
             OSTaskCreate   0x0011c0    program     extern C:\Users\qmari\OneDrive\Source Code\Assembly\ECNG3006\L02_815117414\q1lab2.X\uCSource\os_task.c
          OSTaskCreateExt   0x001344    program     extern C:\Users\qmari\OneDrive\Source Code\Assembly\ECNG3006\L02_815117414\q1lab2.X\uCSource\os_task.c
                OSTaskDel   0x00153a    program     extern C:\Users\qmari\OneDrive\Source Code\Assembly\ECNG3006\L02_815117414\q1lab2.X\uCSource\os_task.c
             OSTaskDelReq   0x00181e    program     extern C:\Users\qmari\OneDrive\Source Code\Assembly\ECNG3006\L02_815117414\q1lab2.X\uCSource\os_task.c
             OSTaskResume   0x001922    program     extern C:\Users\qmari\OneDrive\Source Code\Assembly\ECNG3006\L02_815117414\q1lab2.X\uCSource\os_task.c
             OSTaskStkChk   0x001a64    program     extern C:\Users\qmari\OneDrive\Source Code\Assembly\ECNG3006\L02_815117414\q1lab2.X\uCSource\os_task.c
            OSTaskSuspend   0x001c84    program     extern C:\Users\qmari\OneDrive\Source Code\Assembly\ECNG3006\L02_815117414\q1lab2.X\uCSource\os_task.c
                OSTimeDly   0x001df0    program     extern C:\Users\qmari\OneDrive\Source Code\Assembly\ECNG3006\L02_815117414\q1lab2.X\uCSource\os_time.c
            OSTimeDlyHMSM   0x001e9a    program     extern C:\Users\qmari\OneDrive\Source Code\Assembly\ECNG3006\L02_815117414\q1lab2.X\uCSource\os_time.c
          OSTimeDlyResume   0x002176    program     extern C:\Users\qmari\OneDrive\Source Code\Assembly\ECNG3006\L02_815117414\q1lab2.X\uCSource\os_time.c
                OSTimeGet   0x0022b4    program     extern C:\Users\qmari\OneDrive\Source Code\Assembly\ECNG3006\L02_815117414\q1lab2.X\uCSource\os_time.c
                OSTimeSet   0x00233a    program     extern C:\Users\qmari\OneDrive\Source Code\Assembly\ECNG3006\L02_815117414\q1lab2.X\uCSource\os_time.c
            OSTaskStkInit   0x002384    program     extern C:\Users\qmari\OneDrive\Source Code\Assembly\ECNG3006\L02_815117414\q1lab2.X\uCSource\OS_CPU_C.c
         OSTaskCreateHook   0x002598    program     extern C:\Users\qmari\OneDrive\Source Code\Assembly\ECNG3006\L02_815117414\q1lab2.X\uCSource\OS_CPU_C.c
            OSTaskDelHook   0x0025b4    program     extern C:\Users\qmari\OneDrive\Source Code\Assembly\ECNG3006\L02_815117414\q1lab2.X\uCSource\OS_CPU_C.c
             OSTaskSwHook   0x0025d0    program     extern C:\Users\qmari\OneDrive\Source Code\Assembly\ECNG3006\L02_815117414\q1lab2.X\uCSource\OS_CPU_C.c
       ___return_lbl00003   0x0025d2    program     static                          
           OSTaskStatHook   0x0025d4    program     extern C:\Users\qmari\OneDrive\Source Code\Assembly\ECNG3006\L02_815117414\q1lab2.X\uCSource\OS_CPU_C.c
           OSTimeTickHook   0x0025d6    program     extern C:\Users\qmari\OneDrive\Source Code\Assembly\ECNG3006\L02_815117414\q1lab2.X\uCSource\OS_CPU_C.c
            OSTCBInitHook   0x0025d8    program     extern C:\Users\qmari\OneDrive\Source Code\Assembly\ECNG3006\L02_815117414\q1lab2.X\uCSource\OS_CPU_C.c
           OSTaskIdleHook   0x0025f4    program     extern C:\Users\qmari\OneDrive\Source Code\Assembly\ECNG3006\L02_815117414\q1lab2.X\uCSource\OS_CPU_C.c
          OSInitHookBegin   0x0025f6    program     extern C:\Users\qmari\OneDrive\Source Code\Assembly\ECNG3006\L02_815117414\q1lab2.X\uCSource\OS_CPU_C.c
            OSInitHookEnd   0x0025f8    program     extern C:\Users\qmari\OneDrive\Source Code\Assembly\ECNG3006\L02_815117414\q1lab2.X\uCSource\OS_CPU_C.c
           OSStartHighRdy   0x0025fa    program     extern C:\Users\qmari\OneDrive\Source Code\Assembly\ECNG3006\L02_815117414\q1lab2.X\uCSource\OS_CPU_C.c
        ___while_lbl00011   0x002612    program     static                          
        ___while_lbl00012   0x00261c    program     static                          
           ___if_lbl00013   0x002622    program     static                          
           ___do_lbl00016   0x002628    program     static                          
           ___do_lbl00014   0x002636    program     static                          
           ___do_lbl00015   0x00263a    program     static                          
       ___return_lbl00010   0x00267c    program     static                          
                  OSCtxSw   0x00267e    program     extern C:\Users\qmari\OneDrive\Source Code\Assembly\ECNG3006\L02_815117414\q1lab2.X\uCSource\OS_CPU_C.c
        ___while_lbl00018   0x0026c8    program     static                          
        ___while_lbl00019   0x0026e0    program     static                          
           ___if_lbl00020   0x0026ea    program     static                          
           ___do_lbl00023   0x00271e    program     static                          
           ___do_lbl00021   0x00272c    program     static                          
           ___do_lbl00022   0x002730    program     static                          
       ___return_lbl00017   0x002772    program     static                          
          CPUlowInterrupt   0x002774    program     extern C:\Users\qmari\OneDrive\Source Code\Assembly\ECNG3006\L02_815117414\q1lab2.X\uCSource\OS_CPU_C.c
       ___return_lbl00026   0x002804    program     static                          
               OSIntCtxSw   0x002806    program     extern C:\Users\qmari\OneDrive\Source Code\Assembly\ECNG3006\L02_815117414\q1lab2.X\uCSource\OS_CPU_C.c
        ___while_lbl00028   0x002812    program     static                          
        ___while_lbl00029   0x00282a    program     static                          
           ___if_lbl00030   0x002834    program     static                          
        ___while_lbl00031   0x002862    program     static                          
        ___while_lbl00032   0x00286c    program     static                          
           ___if_lbl00033   0x002872    program     static                          
           ___do_lbl00036   0x002878    program     static                          
           ___do_lbl00034   0x002886    program     static                          
           ___do_lbl00035   0x00288a    program     static                          
       ___return_lbl00027   0x0028cc    program     static                          
            DelayFor18TCY   0x0028ce    program     extern C:\Users\qmari\OneDrive\Source Code\Assembly\ECNG3006\L02_815117414\q1lab2.X\uCSource\TEST.c
             DelayPORXLCD   0x0028da    program     extern C:\Users\qmari\OneDrive\Source Code\Assembly\ECNG3006\L02_815117414\q1lab2.X\uCSource\TEST.c
                DelayXLCD   0x0028e6    program     extern C:\Users\qmari\OneDrive\Source Code\Assembly\ECNG3006\L02_815117414\q1lab2.X\uCSource\TEST.c
                  LCDTask   0x0028f2    program     extern C:\Users\qmari\OneDrive\Source Code\Assembly\ECNG3006\L02_815117414\q1lab2.X\uCSource\TEST.c
                 TestTask   0x002a92    program     extern C:\Users\qmari\OneDrive\Source Code\Assembly\ECNG3006\L02_815117414\q1lab2.X\uCSource\TEST.c
                     main   0x002b48    program     extern C:\Users\qmari\OneDrive\Source Code\Assembly\ECNG3006\L02_815117414\q1lab2.X\uCSource\TEST.c
                     btoa   0x002bb0    program     extern E:\3.46\pic18-lt\cxx-framework\src\traditional\stdclib\btoa.asm
                jTstSign1   0x002bd4    program     static E:\3.46\pic18-lt\cxx-framework\src\traditional\stdclib\btoa.asm
                     jDo3   0x002c0a    program     static E:\3.46\pic18-lt\cxx-framework\src\traditional\stdclib\btoa.asm
                     jDo2   0x002c0e    program     static E:\3.46\pic18-lt\cxx-framework\src\traditional\stdclib\btoa.asm
                     jDo1   0x002c12    program     static E:\3.46\pic18-lt\cxx-framework\src\traditional\stdclib\btoa.asm
                 TstUpper   0x002c46    program     static E:\3.46\pic18-lt\cxx-framework\src\traditional\stdclib\btoa.asm
                 TstLower   0x002c4c    program     static E:\3.46\pic18-lt\cxx-framework\src\traditional\stdclib\btoa.asm
                jTstLowZ1   0x002c56    program     static E:\3.46\pic18-lt\cxx-framework\src\traditional\stdclib\btoa.asm
                ProcUpper   0x002c58    program     static E:\3.46\pic18-lt\cxx-framework\src\traditional\stdclib\btoa.asm
                ProcLower   0x002c62    program     static E:\3.46\pic18-lt\cxx-framework\src\traditional\stdclib\btoa.asm
                   btoBCD   0x002c6c    program     extern E:\3.46\pic18-lt\cxx-framework\src\traditional\stdclib\btobcd.asm
                    jLoop   0x002c82    program     static E:\3.46\pic18-lt\cxx-framework\src\traditional\stdclib\btobcd.asm
                     jEnd   0x002c9c    program     static E:\3.46\pic18-lt\cxx-framework\src\traditional\stdclib\btobcd.asm
                  OneByte   0x002ca0    program     static E:\3.46\pic18-lt\cxx-framework\src\traditional\stdclib\btobcd.asm
                    ultoa   0x002cb2    program     extern E:\3.46\pic18-lt\cxx-framework\src\traditional\stdclib\ultoa.asm
                    jDo10   0x002d3e    program     static E:\3.46\pic18-lt\cxx-framework\src\traditional\stdclib\ultoa.asm
                     jDo9   0x002d42    program     static E:\3.46\pic18-lt\cxx-framework\src\traditional\stdclib\ultoa.asm
                     jDo8   0x002d46    program     static E:\3.46\pic18-lt\cxx-framework\src\traditional\stdclib\ultoa.asm
                     jDo7   0x002d4a    program     static E:\3.46\pic18-lt\cxx-framework\src\traditional\stdclib\ultoa.asm
                     jDo6   0x002d4e    program     static E:\3.46\pic18-lt\cxx-framework\src\traditional\stdclib\ultoa.asm
                     jDo5   0x002d52    program     static E:\3.46\pic18-lt\cxx-framework\src\traditional\stdclib\ultoa.asm
                     jDo4   0x002d56    program     static E:\3.46\pic18-lt\cxx-framework\src\traditional\stdclib\ultoa.asm
                     jDo3   0x002d5a    program     static E:\3.46\pic18-lt\cxx-framework\src\traditional\stdclib\ultoa.asm
                     jDo2   0x002d5e    program     static E:\3.46\pic18-lt\cxx-framework\src\traditional\stdclib\ultoa.asm
                     jDo1   0x002d62    program     static E:\3.46\pic18-lt\cxx-framework\src\traditional\stdclib\ultoa.asm
                 TstUpper   0x002d96    program     static E:\3.46\pic18-lt\cxx-framework\src\traditional\stdclib\ultoa.asm
                 TstLower   0x002d9c    program     static E:\3.46\pic18-lt\cxx-framework\src\traditional\stdclib\ultoa.asm
                jTstLowZ1   0x002da6    program     static E:\3.46\pic18-lt\cxx-framework\src\traditional\stdclib\ultoa.asm
                ProcUpper   0x002da8    program     static E:\3.46\pic18-lt\cxx-framework\src\traditional\stdclib\ultoa.asm
                ProcLower   0x002db2    program     static E:\3.46\pic18-lt\cxx-framework\src\traditional\stdclib\ultoa.asm
                   ltoBCD   0x002dbc    program     extern E:\3.46\pic18-lt\cxx-framework\src\traditional\stdclib\ltobcd.asm
                    jLoop   0x002dd8    program     static E:\3.46\pic18-lt\cxx-framework\src\traditional\stdclib\ltobcd.asm
                     jEnd   0x002e16    program     static E:\3.46\pic18-lt\cxx-framework\src\traditional\stdclib\ltobcd.asm
                  OneByte   0x002e1a    program     static E:\3.46\pic18-lt\cxx-framework\src\traditional\stdclib\ltobcd.asm
                 OSMapTbl   0x002e2c    program     extern C:\Users\qmari\OneDrive\Source Code\Assembly\ECNG3006\L02_815117414\q1lab2.X\uCSource\os_core.c
               OSUnMapTbl   0x002e34    program     extern C:\Users\qmari\OneDrive\Source Code\Assembly\ECNG3006\L02_815117414\q1lab2.X\uCSource\os_core.c
                 OpenXLCD   0x002f34    program     extern C:\Users\qmari\OneDrive\Source Code\Assembly\ECNG3006\L02_815117414\q1lab2.X\xlcdfiles\openxlcd.c
                _do_cinit   0x003020    program     extern E:\3.46\pic18-lt\cxx-framework\src\traditional\startup\c018i.c
                     test   0x00303a    program     static                          
                copy_loop   0x003092    program     static                          
            copy_one_byte   0x003098    program     static                          
             done_copying   0x0030a6    program     static                          
       ___return_lbl00002   0x0030bc    program     static                          
                     done   0x0030bc    program     static                          
                putrsXLCD   0x0030be    program     extern C:\Users\qmari\OneDrive\Source Code\Assembly\ECNG3006\L02_815117414\q1lab2.X\xlcdfiles\putrxlcd.c
                  FXM3232   0x003134    program     extern E:\3.46\pic18-lt\cxx-framework\src\traditional\math\fxm3232.c
       ___return_lbl00000   0x0031a2    program     static                          
             SetDDRamAddr   0x0031a4    program     extern C:\Users\qmari\OneDrive\Source Code\Assembly\ECNG3006\L02_815117414\q1lab2.X\xlcdfiles\setddram.c
             SetCGRamAddr   0x003202    program     extern C:\Users\qmari\OneDrive\Source Code\Assembly\ECNG3006\L02_815117414\q1lab2.X\xlcdfiles\setcgram.c
            WriteDataXLCD   0x003260    program     extern C:\Users\qmari\OneDrive\Source Code\Assembly\ECNG3006\L02_815117414\q1lab2.X\xlcdfiles\writdata.c
             WriteCmdXLCD   0x0032bc    program     extern C:\Users\qmari\OneDrive\Source Code\Assembly\ECNG3006\L02_815117414\q1lab2.X\xlcdfiles\wcmdxlcd.c
                 putsXLCD   0x003318    program     extern C:\Users\qmari\OneDrive\Source Code\Assembly\ECNG3006\L02_815117414\q1lab2.X\xlcdfiles\putsxlcd.c
             ReadDataXLCD   0x003372    program     extern C:\Users\qmari\OneDrive\Source Code\Assembly\ECNG3006\L02_815117414\q1lab2.X\xlcdfiles\readdata.c
             ReadAddrXLCD   0x0033c4    program     extern C:\Users\qmari\OneDrive\Source Code\Assembly\ECNG3006\L02_815117414\q1lab2.X\xlcdfiles\readaddr.c
                   memset   0x003416    program     extern E:\3.46\pic18-lt\cxx-framework\src\traditional\stdclib\memset.asm
                    jLoop   0x00342a    program     static E:\3.46\pic18-lt\cxx-framework\src\traditional\stdclib\memset.asm
              _2jContinue   0x003436    program     static E:\3.46\pic18-lt\cxx-framework\src\traditional\stdclib\memset.asm
                   _3jEnd   0x003440    program     static E:\3.46\pic18-lt\cxx-framework\src\traditional\stdclib\memset.asm
[...]
                    PORTD   0x000f83       data     extern E:\3.46\pic18-lt\cxx-framework\src\traditional\proc\p18f452.asm
                PORTDbits   0x000f83       data     extern E:\3.46\pic18-lt\cxx-framework\src\traditional\proc\p18f452.asm
                PORTEbits   0x000f84       data     extern E:\3.46\pic18-lt\cxx-framework\src\traditional\proc\p18f452.asm
                    PORTE   0x000f84       data     extern E:\3.46\pic18-lt\cxx-framework\src\traditional\proc\p18f452.asm
                     LATA   0x000f89       data     extern E:\3.46\pic18-lt\cxx-framework\src\traditional\proc\p18f452.asm
                 LATAbits   0x000f89       data     extern E:\3.46\pic18-lt\cxx-framework\src\traditional\proc\p18f452.asm
                     LATB   0x000f8a       data     extern E:\3.46\pic18-lt\cxx-framework\src\traditional\proc\p18f452.asm
                 LATBbits   0x000f8a       data     extern E:\3.46\pic18-lt\cxx-framework\src\traditional\proc\p18f452.asm
                     LATC   0x000f8b       data     extern E:\3.46\pic18-lt\cxx-framework\src\traditional\proc\p18f452.asm
                 LATCbits   0x000f8b       data     extern E:\3.46\pic18-lt\cxx-framework\src\traditional\proc\p18f452.asm
                     LATD   0x000f8c       data     extern E:\3.46\pic18-lt\cxx-framework\src\traditional\proc\p18f452.asm
                 LATDbits   0x000f8c       data     extern E:\3.46\pic18-lt\cxx-framework\src\traditional\proc\p18f452.asm
                 LATEbits   0x000f8d       data     extern E:\3.46\pic18-lt\cxx-framework\src\traditional\proc\p18f452.asm
                     LATE   0x000f8d       data     extern E:\3.46\pic18-lt\cxx-framework\src\traditional\proc\p18f452.asm
                TRISAbits   0x000f92       data     extern E:\3.46\pic18-lt\cxx-framework\src\traditional\proc\p18f452.asm
                    TRISA   0x000f92       data     extern E:\3.46\pic18-lt\cxx-framework\src\traditional\proc\p18f452.asm
                     DDRA   0x000f92       data     extern E:\3.46\pic18-lt\cxx-framework\src\traditional\proc\p18f452.asm
                 DDRAbits   0x000f92       data     extern E:\3.46\pic18-lt\cxx-framework\src\traditional\proc\p18f452.asm
                TRISBbits   0x000f93       data     extern E:\3.46\pic18-lt\cxx-framework\src\traditional\proc\p18f452.asm
                    TRISB   0x000f93       data     extern E:\3.46\pic18-lt\cxx-framework\src\traditional\proc\p18f452.asm
                     DDRB   0x000f93       data     extern E:\3.46\pic18-lt\cxx-framework\src\traditional\proc\p18f452.asm
                 DDRBbits   0x000f93       data     extern E:\3.46\pic18-lt\cxx-framework\src\traditional\proc\p18f452.asm
                    TRISC   0x000f94       data     extern E:\3.46\pic18-lt\cxx-framework\src\traditional\proc\p18f452.asm
                TRISCbits   0x000f94       data     extern E:\3.46\pic18-lt\cxx-framework\src\traditional\proc\p18f452.asm
                     DDRC   0x000f94       data     extern E:\3.46\pic18-lt\cxx-framework\src\traditional\proc\p18f452.asm
                 DDRCbits   0x000f94       data     extern E:\3.46\pic18-lt\cxx-framework\src\traditional\proc\p18f452.asm
                 DDRDbits   0x000f95       data     extern E:\3.46\pic18-lt\cxx-framework\src\traditional\proc\p18f452.asm
                     DDRD   0x000f95       data     extern E:\3.46\pic18-lt\cxx-framework\src\traditional\proc\p18f452.asm
                    TRISD   0x000f95       data     extern E:\3.46\pic18-lt\cxx-framework\src\traditional\proc\p18f452.asm
                TRISDbits   0x000f95       data     extern E:\3.46\pic18-lt\cxx-framework\src\traditional\proc\p18f452.asm
                     DDRE   0x000f96       data     extern E:\3.46\pic18-lt\cxx-framework\src\traditional\proc\p18f452.asm
                 DDREbits   0x000f96       data     extern E:\3.46\pic18-lt\cxx-framework\src\traditional\proc\p18f452.asm
                    TRISE   0x000f96       data     extern E:\3.46\pic18-lt\cxx-framework\src\traditional\proc\p18f452.asm
                TRISEbits   0x000f96       data     extern E:\3.46\pic18-lt\cxx-framework\src\traditional\proc\p18f452.asm
                 PIE1bits   0x000f9d       data     extern E:\3.46\pic18-lt\cxx-framework\src\traditional\proc\p18f452.asm
                     PIE1   0x000f9d       data     extern E:\3.46\pic18-lt\cxx-framework\src\traditional\proc\p18f452.asm
                 PIR1bits   0x000f9e       data     extern E:\3.46\pic18-lt\cxx-framework\src\traditional\proc\p18f452.asm
                     PIR1   0x000f9e       data     extern E:\3.46\pic18-lt\cxx-framework\src\traditional\proc\p18f452.asm
                 IPR1bits   0x000f9f       data     extern E:\3.46\pic18-lt\cxx-framework\src\traditional\proc\p18f452.asm
                     IPR1   0x000f9f       data     extern E:\3.46\pic18-lt\cxx-framework\src\traditional\proc\p18f452.asm
                     PIE2   0x000fa0       data     extern E:\3.46\pic18-lt\cxx-framework\src\traditional\proc\p18f452.asm
                 PIE2bits   0x000fa0       data     extern E:\3.46\pic18-lt\cxx-framework\src\traditional\proc\p18f452.asm
                     PIR2   0x000fa1       data     extern E:\3.46\pic18-lt\cxx-framework\src\traditional\proc\p18f452.asm
                 PIR2bits   0x000fa1       data     extern E:\3.46\pic18-lt\cxx-framework\src\traditional\proc\p18f452.asm
                     IPR2   0x000fa2       data     extern E:\3.46\pic18-lt\cxx-framework\src\traditional\proc\p18f452.asm
                 IPR2bits   0x000fa2       data     extern E:\3.46\pic18-lt\cxx-framework\src\traditional\proc\p18f452.asm
               EECON1bits   0x000fa6       data     extern E:\3.46\pic18-lt\cxx-framework\src\traditional\proc\p18f452.asm
                   EECON1   0x000fa6       data     extern E:\3.46\pic18-lt\cxx-framework\src\traditional\proc\p18f452.asm
                   EECON2   0x000fa7       data     extern E:\3.46\pic18-lt\cxx-framework\src\traditional\proc\p18f452.asm
                   EEDATA   0x000fa8       data     extern E:\3.46\pic18-lt\cxx-framework\src\traditional\proc\p18f452.asm
                    EEADR   0x000fa9       data     extern E:\3.46\pic18-lt\cxx-framework\src\traditional\proc\p18f452.asm
                RCSTAbits   0x000fab       data     extern E:\3.46\pic18-lt\cxx-framework\src\traditional\proc\p18f452.asm
                    RCSTA   0x000fab       data     extern E:\3.46\pic18-lt\cxx-framework\src\traditional\proc\p18f452.asm
                TXSTAbits   0x000fac       data     extern E:\3.46\pic18-lt\cxx-framework\src\traditional\proc\p18f452.asm
                    TXSTA   0x000fac       data     extern E:\3.46\pic18-lt\cxx-framework\src\traditional\proc\p18f452.asm
                    TXREG   0x000fad       data     extern E:\3.46\pic18-lt\cxx-framework\src\traditional\proc\p18f452.asm
                    RCREG   0x000fae       data     extern E:\3.46\pic18-lt\cxx-framework\src\traditional\proc\p18f452.asm
                    SPBRG   0x000faf       data     extern E:\3.46\pic18-lt\cxx-framework\src\traditional\proc\p18f452.asm
                    T3CON   0x000fb1       data     extern E:\3.46\pic18-lt\cxx-framework\src\traditional\proc\p18f452.asm
                T3CONbits   0x000fb1       data     extern E:\3.46\pic18-lt\cxx-framework\src\traditional\proc\p18f452.asm
                    TMR3L   0x000fb2       data     extern E:\3.46\pic18-lt\cxx-framework\src\traditional\proc\p18f452.asm
                    TMR3H   0x000fb3       data     extern E:\3.46\pic18-lt\cxx-framework\src\traditional\proc\p18f452.asm
                  CCP2CON   0x000fba       data     extern E:\3.46\pic18-lt\cxx-framework\src\traditional\proc\p18f452.asm
              CCP2CONbits   0x000fba       data     extern E:\3.46\pic18-lt\cxx-framework\src\traditional\proc\p18f452.asm
                   CCPR2L   0x000fbb       data     extern E:\3.46\pic18-lt\cxx-framework\src\traditional\proc\p18f452.asm
                    CCPR2   0x000fbb       data     extern E:\3.46\pic18-lt\cxx-framework\src\traditional\proc\p18f452.asm
                   CCPR2H   0x000fbc       data     extern E:\3.46\pic18-lt\cxx-framework\src\traditional\proc\p18f452.asm
                  CCP1CON   0x000fbd       data     extern E:\3.46\pic18-lt\cxx-framework\src\traditional\proc\p18f452.asm
              CCP1CONbits   0x000fbd       data     extern E:\3.46\pic18-lt\cxx-framework\src\traditional\proc\p18f452.asm
                   CCPR1L   0x000fbe       data     extern E:\3.46\pic18-lt\cxx-framework\src\traditional\proc\p18f452.asm
                    CCPR1   0x000fbe       data     extern E:\3.46\pic18-lt\cxx-framework\src\traditional\proc\p18f452.asm
                   CCPR1H   0x000fbf       data     extern E:\3.46\pic18-lt\cxx-framework\src\traditional\proc\p18f452.asm
               ADCON1bits   0x000fc1       data     extern E:\3.46\pic18-lt\cxx-framework\src\traditional\proc\p18f452.asm
                   ADCON1   0x000fc1       data     extern E:\3.46\pic18-lt\cxx-framework\src\traditional\proc\p18f452.asm
                   ADCON0   0x000fc2       data     extern E:\3.46\pic18-lt\cxx-framework\src\traditional\proc\p18f452.asm
               ADCON0bits   0x000fc2       data     extern E:\3.46\pic18-lt\cxx-framework\src\traditional\proc\p18f452.asm
                    ADRES   0x000fc3       data     extern E:\3.46\pic18-lt\cxx-framework\src\traditional\proc\p18f452.asm
                   ADRESL   0x000fc3       data     extern E:\3.46\pic18-lt\cxx-framework\src\traditional\proc\p18f452.asm
                   ADRESH   0x000fc4       data     extern E:\3.46\pic18-lt\cxx-framework\src\traditional\proc\p18f452.asm
              SSPCON2bits   0x000fc5       data     extern E:\3.46\pic18-lt\cxx-framework\src\traditional\proc\p18f452.asm
                  SSPCON2   0x000fc5       data     extern E:\3.46\pic18-lt\cxx-framework\src\traditional\proc\p18f452.asm
                  SSPCON1   0x000fc6       data     extern E:\3.46\pic18-lt\cxx-framework\src\traditional\proc\p18f452.asm
              SSPCON1bits   0x000fc6       data     extern E:\3.46\pic18-lt\cxx-framework\src\traditional\proc\p18f452.asm
                  SSPSTAT   0x000fc7       data     extern E:\3.46\pic18-lt\cxx-framework\src\traditional\proc\p18f452.asm
              SSPSTATbits   0x000fc7       data     extern E:\3.46\pic18-lt\cxx-framework\src\traditional\proc\p18f452.asm
                   SSPADD   0x000fc8       data     extern E:\3.46\pic18-lt\cxx-framework\src\traditional\proc\p18f452.asm
                   SSPBUF   0x000fc9       data     extern E:\3.46\pic18-lt\cxx-framework\src\traditional\proc\p18f452.asm
                T2CONbits   0x000fca       data     extern E:\3.46\pic18-lt\cxx-framework\src\traditional\proc\p18f452.asm
                    T2CON   0x000fca       data     extern E:\3.46\pic18-lt\cxx-framework\src\traditional\proc\p18f452.asm
                      PR2   0x000fcb       data     extern E:\3.46\pic18-lt\cxx-framework\src\traditional\proc\p18f452.asm
                     TMR2   0x000fcc       data     extern E:\3.46\pic18-lt\cxx-framework\src\traditional\proc\p18f452.asm
                T1CONbits   0x000fcd       data     extern E:\3.46\pic18-lt\cxx-framework\src\traditional\proc\p18f452.asm
                    T1CON   0x000fcd       data     extern E:\3.46\pic18-lt\cxx-framework\src\traditional\proc\p18f452.asm
                    TMR1L   0x000fce       data     extern E:\3.46\pic18-lt\cxx-framework\src\traditional\proc\p18f452.asm
                    TMR1H   0x000fcf       data     extern E:\3.46\pic18-lt\cxx-framework\src\traditional\proc\p18f452.asm
                 RCONbits   0x000fd0       data     extern E:\3.46\pic18-lt\cxx-framework\src\traditional\proc\p18f452.asm
                     RCON   0x000fd0       data     extern E:\3.46\pic18-lt\cxx-framework\src\traditional\proc\p18f452.asm
               WDTCONbits   0x000fd1       data     extern E:\3.46\pic18-lt\cxx-framework\src\traditional\proc\p18f452.asm
                   WDTCON   0x000fd1       data     extern E:\3.46\pic18-lt\cxx-framework\src\traditional\proc\p18f452.asm
                   LVDCON   0x000fd2       data     extern E:\3.46\pic18-lt\cxx-framework\src\traditional\proc\p18f452.asm
               LVDCONbits   0x000fd2       data     extern E:\3.46\pic18-lt\cxx-framework\src\traditional\proc\p18f452.asm
                   OSCCON   0x000fd3       data     extern E:\3.46\pic18-lt\cxx-framework\src\traditional\proc\p18f452.asm
               OSCCONbits   0x000fd3       data     extern E:\3.46\pic18-lt\cxx-framework\src\traditional\proc\p18f452.asm
                T0CONbits   0x000fd5       data     extern E:\3.46\pic18-lt\cxx-framework\src\traditional\proc\p18f452.asm
                    T0CON   0x000fd5       data     extern E:\3.46\pic18-lt\cxx-framework\src\traditional\proc\p18f452.asm
                    TMR0L   0x000fd6       data     extern E:\3.46\pic18-lt\cxx-framework\src\traditional\proc\p18f452.asm
                    TMR0H   0x000fd7       data     extern E:\3.46\pic18-lt\cxx-framework\src\traditional\proc\p18f452.asm
               STATUSbits   0x000fd8       data     extern E:\3.46\pic18-lt\cxx-framework\src\traditional\proc\p18f452.asm
                   STATUS   0x000fd8       data     extern E:\3.46\pic18-lt\cxx-framework\src\traditional\proc\p18f452.asm
                     FSR2   0x000fd9       data     extern E:\3.46\pic18-lt\cxx-framework\src\traditional\proc\p18f452.asm
                    FSR2L   0x000fd9       data     extern E:\3.46\pic18-lt\cxx-framework\src\traditional\proc\p18f452.asm
                    FSR2H   0x000fda       data     extern E:\3.46\pic18-lt\cxx-framework\src\traditional\proc\p18f452.asm
                   PLUSW2   0x000fdb       data     extern E:\3.46\pic18-lt\cxx-framework\src\traditional\proc\p18f452.asm
                  PREINC2   0x000fdc       data     extern E:\3.46\pic18-lt\cxx-framework\src\traditional\proc\p18f452.asm
                 POSTDEC2   0x000fdd       data     extern E:\3.46\pic18-lt\cxx-framework\src\traditional\proc\p18f452.asm
                 POSTINC2   0x000fde       data     extern E:\3.46\pic18-lt\cxx-framework\src\traditional\proc\p18f452.asm
                    INDF2   0x000fdf       data     extern E:\3.46\pic18-lt\cxx-framework\src\traditional\proc\p18f452.asm
                      BSR   0x000fe0       data     extern E:\3.46\pic18-lt\cxx-framework\src\traditional\proc\p18f452.asm
                     FSR1   0x000fe1       data     extern E:\3.46\pic18-lt\cxx-framework\src\traditional\proc\p18f452.asm
                    FSR1L   0x000fe1       data     extern E:\3.46\pic18-lt\cxx-framework\src\traditional\proc\p18f452.asm
                    FSR1H   0x000fe2       data     extern E:\3.46\pic18-lt\cxx-framework\src\traditional\proc\p18f452.asm
                   PLUSW1   0x000fe3       data     extern E:\3.46\pic18-lt\cxx-framework\src\traditional\proc\p18f452.asm
                  PREINC1   0x000fe4       data     extern E:\3.46\pic18-lt\cxx-framework\src\traditional\proc\p18f452.asm
                 POSTDEC1   0x000fe5       data     extern E:\3.46\pic18-lt\cxx-framework\src\traditional\proc\p18f452.asm
                 POSTINC1   0x000fe6       data     extern E:\3.46\pic18-lt\cxx-framework\src\traditional\proc\p18f452.asm
                    INDF1   0x000fe7       data     extern E:\3.46\pic18-lt\cxx-framework\src\traditional\proc\p18f452.asm
                        W   0x000fe8       data     extern E:\3.46\pic18-lt\cxx-framework\src\traditional\proc\p18f452.asm
                     WREG   0x000fe8       data     extern E:\3.46\pic18-lt\cxx-framework\src\traditional\proc\p18f452.asm
                    FSR0L   0x000fe9       data     extern E:\3.46\pic18-lt\cxx-framework\src\traditional\proc\p18f452.asm
                     FSR0   0x000fe9       data     extern E:\3.46\pic18-lt\cxx-framework\src\traditional\proc\p18f452.asm
                    FSR0H   0x000fea       data     extern E:\3.46\pic18-lt\cxx-framework\src\traditional\proc\p18f452.asm
                   PLUSW0   0x000feb       data     extern E:\3.46\pic18-lt\cxx-framework\src\traditional\proc\p18f452.asm
                  PREINC0   0x000fec       data     extern E:\3.46\pic18-lt\cxx-framework\src\traditional\proc\p18f452.asm
                 POSTDEC0   0x000fed       data     extern E:\3.46\pic18-lt\cxx-framework\src\traditional\proc\p18f452.asm
                 POSTINC0   0x000fee       data     extern E:\3.46\pic18-lt\cxx-framework\src\traditional\proc\p18f452.asm
                    INDF0   0x000fef       data     extern E:\3.46\pic18-lt\cxx-framework\src\traditional\proc\p18f452.asm
              INTCON3bits   0x000ff0       data     extern E:\3.46\pic18-lt\cxx-framework\src\traditional\proc\p18f452.asm
                  INTCON3   0x000ff0       data     extern E:\3.46\pic18-lt\cxx-framework\src\traditional\proc\p18f452.asm
              INTCON2bits   0x000ff1       data     extern E:\3.46\pic18-lt\cxx-framework\src\traditional\proc\p18f452.asm
                  INTCON2   0x000ff1       data     extern E:\3.46\pic18-lt\cxx-framework\src\traditional\proc\p18f452.asm
               INTCONbits   0x000ff2       data     extern E:\3.46\pic18-lt\cxx-framework\src\traditional\proc\p18f452.asm
              INTCON1bits   0x000ff2       data     extern E:\3.46\pic18-lt\cxx-framework\src\traditional\proc\p18f452.asm
                  INTCON1   0x000ff2       data     extern E:\3.46\pic18-lt\cxx-framework\src\traditional\proc\p18f452.asm
                   INTCON   0x000ff2       data     extern E:\3.46\pic18-lt\cxx-framework\src\traditional\proc\p18f452.asm
                    PRODL   0x000ff3       data     extern E:\3.46\pic18-lt\cxx-framework\src\traditional\proc\p18f452.asm
                     PROD   0x000ff3       data     extern E:\3.46\pic18-lt\cxx-framework\src\traditional\proc\p18f452.asm
                    PRODH   0x000ff4       data     extern E:\3.46\pic18-lt\cxx-framework\src\traditional\proc\p18f452.asm
                   TABLAT   0x000ff5       data     extern E:\3.46\pic18-lt\cxx-framework\src\traditional\proc\p18f452.asm
                  TBLPTRL   0x000ff6       data     extern E:\3.46\pic18-lt\cxx-framework\src\traditional\proc\p18f452.asm
                   TBLPTR   0x000ff6       data     extern E:\3.46\pic18-lt\cxx-framework\src\traditional\proc\p18f452.asm
                  TBLPTRH   0x000ff7       data     extern E:\3.46\pic18-lt\cxx-framework\src\traditional\proc\p18f452.asm
                  TBLPTRU   0x000ff8       data     extern E:\3.46\pic18-lt\cxx-framework\src\traditional\proc\p18f452.asm
                      PCL   0x000ff9       data     extern E:\3.46\pic18-lt\cxx-framework\src\traditional\proc\p18f452.asm
                       PC   0x000ff9       data     extern E:\3.46\pic18-lt\cxx-framework\src\traditional\proc\p18f452.asm
                   PCLATH   0x000ffa       data     extern E:\3.46\pic18-lt\cxx-framework\src\traditional\proc\p18f452.asm
                   PCLATU   0x000ffb       data     extern E:\3.46\pic18-lt\cxx-framework\src\traditional\proc\p18f452.asm
                   STKPTR   0x000ffc       data     extern E:\3.46\pic18-lt\cxx-framework\src\traditional\proc\p18f452.asm
               STKPTRbits   0x000ffc       data     extern E:\3.46\pic18-lt\cxx-framework\src\traditional\proc\p18f452.asm
                     TOSL   0x000ffd       data     extern E:\3.46\pic18-lt\cxx-framework\src\traditional\proc\p18f452.asm
                      TOS   0x000ffd       data     extern E:\3.46\pic18-lt\cxx-framework\src\traditional\proc\p18f452.asm
                     TOSH   0x000ffe       data     extern E:\3.46\pic18-lt\cxx-framework\src\traditional\proc\p18f452.asm
                     TOSU   0x000fff       data     extern E:\3.46\pic18-lt\cxx-framework\src\traditional\proc\p18f452.asm


